Component: ARM Compiler 5.06 update 6 (build 750) Tool: armlink [4d35ed]

==============================================================================

Section Cross References

    main.o(i.main) refers to serialcomm.o(i.Init_UART0) for Init_UART0
    main.o(i.main) refers to onboard_leds.o(i.Init_OnboardRGB_LEDs) for Init_OnboardRGB_LEDs
    main.o(i.main) refers to scheduler.o(i.Init_SysTick) for Init_SysTick
    main.o(i.main) refers to motor.o(i.Init_PortB) for Init_PortB
    main.o(i.main) refers to motor.o(i.Init_TPM0) for Init_TPM0
    main.o(i.main) refers to noretval__2printf.o(.text) for __2printf
    main.o(i.main) refers to serialcomm.o(i.Send_String) for Send_String
    main.o(i.main) refers to scheduler.o(i.scheduler) for scheduler
    queue.o(i.dequeueChar) refers to queue.o(i.isQueueEmpty) for isQueueEmpty
    queue.o(i.enqueueChar) refers to queue.o(i.isQueueFull) for isQueueFull
    scheduler.o(i.Init_SysTick) refers to scheduler.o(i.__NVIC_SetPriority) for __NVIC_SetPriority
    scheduler.o(i.SysTick_Handler) refers to _printf_percent.o(.ARM.Collect$$_printf_percent$$00000000) for _printf_percent
    scheduler.o(i.SysTick_Handler) refers to serialcomm.o(i.task_readRecievedChar) for task_readRecievedChar
    scheduler.o(i.SysTick_Handler) refers to noretval__2printf.o(.text) for __2printf
    scheduler.o(i.scheduler) refers to serialcomm.o(i.task_CheckForAndProcessSerialChars) for task_CheckForAndProcessSerialChars
    scheduler.o(i.scheduler) refers to serialcomm.o(i.task_readRecievedChar) for task_readRecievedChar
    scheduler.o(i.scheduler) refers to motor.o(i.task_scanForAndProcessIfMotorCommands) for task_scanForAndProcessIfMotorCommands
    scheduler.o(i.scheduler) refers to onboard_leds.o(i.task_ControlRGB_LEDs) for task_ControlRGB_LEDs
    scheduler.o(i.scheduler) refers to serialcomm.o(i.task_StartTransmitter) for task_StartTransmitter
    motor.o(i.TPM0_IRQHandler) refers to motor.o(i.stopTPM0Counter) for stopTPM0Counter
    motor.o(i.task_changeDirection) refers to motor.o(i.startTPM0Counter) for startTPM0Counter
    motor.o(i.task_motorComponentStatusCheck) refers to motor.o(i.startTPM0Counter) for startTPM0Counter
    motor.o(i.task_pulseStepperMotor) refers to motor.o(i.startTPM0Counter) for startTPM0Counter
    motor.o(i.task_scanForAndProcessIfMotorCommands) refers to motor.o(i.task_changeDirection) for task_changeDirection
    motor.o(i.task_scanForAndProcessIfMotorCommands) refers to motor.o(i.task_pulseStepperMotor) for task_pulseStepperMotor
    motor.o(i.task_scanForAndProcessIfMotorCommands) refers to motor.o(.data) for panDirectionReversed
    serialcomm.o(i.Get_Rx_Char) refers to queue.o(i.dequeueChar) for dequeueChar
    serialcomm.o(i.Get_Rx_Char) refers to serialcomm.o(.bss) for receiveQueue
    serialcomm.o(i.Init_UART0) refers to dflti.o(.text) for __aeabi_ui2d
    serialcomm.o(i.Init_UART0) refers to ddiv.o(.text) for __aeabi_ddiv
    serialcomm.o(i.Init_UART0) refers to dfixui.o(.text) for __aeabi_d2uiz
    serialcomm.o(i.Init_UART0) refers to queue.o(i.Init_Queue) for Init_Queue
    serialcomm.o(i.Init_UART0) refers to serialcomm.o(i.__NVIC_SetPriority) for __NVIC_SetPriority
    serialcomm.o(i.Init_UART0) refers to serialcomm.o(.bss) for transmitQueue
    serialcomm.o(i.Rx_Chars_Available) refers to queue.o(i.queueSize) for queueSize
    serialcomm.o(i.Rx_Chars_Available) refers to serialcomm.o(.bss) for receiveQueue
    serialcomm.o(i.Send_String) refers to queue.o(i.isQueueFull) for isQueueFull
    serialcomm.o(i.Send_String) refers to queue.o(i.enqueueChar) for enqueueChar
    serialcomm.o(i.Send_String) refers to queue.o(i.dequeueChar) for dequeueChar
    serialcomm.o(i.Send_String) refers to serialcomm.o(.bss) for transmitQueue
    serialcomm.o(i.UART0_IRQHandler) refers to queue.o(i.isQueueFull) for isQueueFull
    serialcomm.o(i.UART0_IRQHandler) refers to queue.o(i.enqueueChar) for enqueueChar
    serialcomm.o(i.UART0_IRQHandler) refers to queue.o(i.isQueueEmpty) for isQueueEmpty
    serialcomm.o(i.UART0_IRQHandler) refers to queue.o(i.dequeueChar) for dequeueChar
    serialcomm.o(i.UART0_IRQHandler) refers to serialcomm.o(.bss) for receiveQueue
    serialcomm.o(i.task_CheckForAndProcessSerialChars) refers to queue.o(i.queueSize) for queueSize
    serialcomm.o(i.task_CheckForAndProcessSerialChars) refers to queue.o(i.dequeueChar) for dequeueChar
    serialcomm.o(i.task_CheckForAndProcessSerialChars) refers to serialcomm.o(.bss) for receiveQueue
    serialcomm.o(i.task_CheckForAndProcessSerialChars) refers to serialcomm.o(.data) for recievedChar
    serialcomm.o(i.task_readRecievedChar) refers to serialcomm.o(.data) for recievedChar
    startup_mkl25z4.o(STACK) refers (Special) to heapauxi.o(.text) for __use_two_region_memory
    startup_mkl25z4.o(HEAP) refers (Special) to heapauxi.o(.text) for __use_two_region_memory
    startup_mkl25z4.o(RESET) refers (Special) to heapauxi.o(.text) for __use_two_region_memory
    startup_mkl25z4.o(RESET) refers to startup_mkl25z4.o(STACK) for __initial_sp
    startup_mkl25z4.o(RESET) refers to startup_mkl25z4.o(.text) for Reset_Handler
    startup_mkl25z4.o(RESET) refers to scheduler.o(i.SysTick_Handler) for SysTick_Handler
    startup_mkl25z4.o(RESET) refers to serialcomm.o(i.UART0_IRQHandler) for UART0_IRQHandler
    startup_mkl25z4.o(RESET) refers to motor.o(i.TPM0_IRQHandler) for TPM0_IRQHandler
    startup_mkl25z4.o(.ARM.__at_0x400) refers (Special) to heapauxi.o(.text) for __use_two_region_memory
    startup_mkl25z4.o(.text) refers (Special) to heapauxi.o(.text) for __use_two_region_memory
    startup_mkl25z4.o(.text) refers to system_mkl25z4.o(i.SystemInit) for SystemInit
    startup_mkl25z4.o(.text) refers to __main.o(!!!main) for __main
    startup_mkl25z4.o(.text) refers to startup_mkl25z4.o(HEAP) for Heap_Mem
    startup_mkl25z4.o(.text) refers to startup_mkl25z4.o(STACK) for Stack_Mem
    system_mkl25z4.o(i.SystemCoreClockUpdate) refers to aeabi_sdiv.o(.text) for __aeabi_uidivmod
    system_mkl25z4.o(i.SystemCoreClockUpdate) refers to system_mkl25z4.o(i.__ARM_common_switch8) for __ARM_common_switch8
    system_mkl25z4.o(i.SystemCoreClockUpdate) refers to system_mkl25z4.o(.data) for SystemCoreClock
    __2printf.o(.text) refers to _printf_char_file.o(.text) for _printf_char_file
    __2printf.o(.text) refers to serialcomm.o(.data) for __stdout
    noretval__2printf.o(.text) refers to _printf_char_file.o(.text) for _printf_char_file
    noretval__2printf.o(.text) refers to serialcomm.o(.data) for __stdout
    __printf.o(.text) refers to _printf_percent.o(.ARM.Collect$$_printf_percent$$00000000) for _printf_percent
    __printf_flags.o(.text) refers to _printf_percent.o(.ARM.Collect$$_printf_percent$$00000000) for _printf_percent
    __printf_flags.o(.text) refers to __printf_flags.o(.constdata) for .constdata
    __printf_ss.o(.text) refers to _printf_percent.o(.ARM.Collect$$_printf_percent$$00000000) for _printf_percent
    __printf_flags_ss.o(.text) refers to _printf_percent.o(.ARM.Collect$$_printf_percent$$00000000) for _printf_percent
    __printf_flags_ss.o(.text) refers to __printf_flags_ss.o(.constdata) for .constdata
    __printf_wp.o(.text) refers to __printf_wp.o(i._is_digit) for _is_digit
    __printf_wp.o(.text) refers to _printf_percent.o(.ARM.Collect$$_printf_percent$$00000000) for _printf_percent
    __printf_flags_wp.o(.text) refers to __printf_wp.o(i._is_digit) for _is_digit
    __printf_flags_wp.o(.text) refers to _printf_percent.o(.ARM.Collect$$_printf_percent$$00000000) for _printf_percent
    __printf_flags_wp.o(.text) refers to __printf_flags_wp.o(.constdata) for .constdata
    __printf_ss_wp.o(.text) refers to __printf_wp.o(i._is_digit) for _is_digit
    __printf_ss_wp.o(.text) refers to _printf_percent.o(.ARM.Collect$$_printf_percent$$00000000) for _printf_percent
    __printf_flags_ss_wp.o(.text) refers to __printf_wp.o(i._is_digit) for _is_digit
    __printf_flags_ss_wp.o(.text) refers to _printf_percent.o(.ARM.Collect$$_printf_percent$$00000000) for _printf_percent
    __printf_flags_ss_wp.o(.text) refers to __printf_flags_ss_wp.o(.constdata) for .constdata
    _printf_percent.o(.ARM.Collect$$_printf_percent$$00000000) refers (Special) to _printf_percent_end.o(.ARM.Collect$$_printf_percent$$00000017) for _printf_percent_end
    __main.o(!!!main) refers to __rtentry.o(.ARM.Collect$$rtentry$$00000000) for __rt_entry
    ddiv.o(.text) refers (Special) to usenofp.o(x$fpl$usenofp) for __I$use$fp
    ddiv.o(.text) refers to ddiv.o(.constdata) for .constdata
    ddiv.o(.constdata) refers (Special) to usenofp.o(x$fpl$usenofp) for __I$use$fp
    dfixui.o(.text) refers (Special) to usenofp.o(x$fpl$usenofp) for __I$use$fp
    dflti.o(.text) refers (Special) to usenofp.o(x$fpl$usenofp) for __I$use$fp
    __rtentry.o(.ARM.Collect$$rtentry$$00000000) refers (Special) to __rtentry2.o(.ARM.Collect$$rtentry$$0000000A) for __rt_entry_li
    __rtentry.o(.ARM.Collect$$rtentry$$00000000) refers (Special) to __rtentry2.o(.ARM.Collect$$rtentry$$0000000D) for __rt_entry_main
    __rtentry.o(.ARM.Collect$$rtentry$$00000000) refers (Special) to __rtentry2.o(.ARM.Collect$$rtentry$$0000000C) for __rt_entry_postli_1
    __rtentry.o(.ARM.Collect$$rtentry$$00000000) refers (Special) to __rtentry2.o(.ARM.Collect$$rtentry$$00000009) for __rt_entry_postsh_1
    __rtentry.o(.ARM.Collect$$rtentry$$00000000) refers (Special) to __rtentry2.o(.ARM.Collect$$rtentry$$00000002) for __rt_entry_presh_1
    __rtentry.o(.ARM.Collect$$rtentry$$00000000) refers (Special) to __rtentry4.o(.ARM.Collect$$rtentry$$00000004) for __rt_entry_sh
    aeabi_idiv0_sigfpe.o(.text) refers to rt_div0.o(.text) for __rt_div0
    _printf_char_file.o(.text) refers to _printf_char_common.o(.text) for _printf_char_common
    _printf_char_file.o(.text) refers to ferror.o(.text) for ferror
    _printf_char_file.o(.text) refers to serialcomm.o(i.fputc) for fputc
    __rtentry2.o(.ARM.Collect$$rtentry$$00000008) refers to boardinit2.o(.text) for _platform_post_stackheap_init
    __rtentry2.o(.ARM.Collect$$rtentry$$0000000A) refers to libinit.o(.ARM.Collect$$libinit$$00000000) for __rt_lib_init
    __rtentry2.o(.ARM.Collect$$rtentry$$0000000B) refers to boardinit3.o(.text) for _platform_post_lib_init
    __rtentry2.o(.ARM.Collect$$rtentry$$0000000D) refers to main.o(i.main) for main
    __rtentry2.o(.ARM.Collect$$rtentry$$0000000D) refers to exit.o(.text) for exit
    __rtentry2.o(.ARM.exidx) refers to __rtentry2.o(.ARM.Collect$$rtentry$$00000001) for .ARM.Collect$$rtentry$$00000001
    __rtentry2.o(.ARM.exidx) refers to __rtentry2.o(.ARM.Collect$$rtentry$$00000008) for .ARM.Collect$$rtentry$$00000008
    __rtentry2.o(.ARM.exidx) refers to __rtentry2.o(.ARM.Collect$$rtentry$$0000000A) for .ARM.Collect$$rtentry$$0000000A
    __rtentry2.o(.ARM.exidx) refers to __rtentry2.o(.ARM.Collect$$rtentry$$0000000B) for .ARM.Collect$$rtentry$$0000000B
    __rtentry2.o(.ARM.exidx) refers to __rtentry2.o(.ARM.Collect$$rtentry$$0000000D) for .ARM.Collect$$rtentry$$0000000D
    __rtentry4.o(.ARM.Collect$$rtentry$$00000004) refers to sys_stackheap_outer.o(.text) for __user_setup_stackheap
    __rtentry4.o(.ARM.exidx) refers to __rtentry4.o(.ARM.Collect$$rtentry$$00000004) for .ARM.Collect$$rtentry$$00000004
    rt_div0.o(.text) refers to defsig_fpe_outer.o(.text) for __rt_SIGFPE
    _printf_char_common.o(.text) refers to __printf.o(.text) for __printf
    sys_stackheap_outer.o(.text) refers to libspace.o(.text) for __user_perproc_libspace
    sys_stackheap_outer.o(.text) refers to startup_mkl25z4.o(.text) for __user_initial_stackheap
    sys_stackheap_outer.o(__vectab_stack_and_reset_area) refers to tempstk.o(.text) for __temporary_stack_top
    sys_stackheap_outer.o(__vectab_stack_and_reset_area) refers to __main.o(!!!main) for __main
    exit.o(.text) refers to rtexit.o(.ARM.Collect$$rtexit$$00000000) for __rt_exit
    defsig_fpe_outer.o(.text) refers to defsig_fpe_inner.o(.text) for __rt_SIGFPE_inner
    defsig_fpe_outer.o(.text) refers to defsig_exit.o(.text) for __sig_exit
    defsig_fpe_formal.o(.text) refers to rt_raise.o(.text) for __rt_raise
    libinit.o(.ARM.Collect$$libinit$$00000000) refers (Special) to libinit2.o(.ARM.Collect$$libinit$$0000002E) for __rt_lib_init_alloca_1
    libinit.o(.ARM.Collect$$libinit$$00000000) refers (Special) to libinit2.o(.ARM.Collect$$libinit$$0000002C) for __rt_lib_init_argv_1
    libinit.o(.ARM.Collect$$libinit$$00000000) refers (Special) to libinit2.o(.ARM.Collect$$libinit$$0000001B) for __rt_lib_init_atexit_1
    libinit.o(.ARM.Collect$$libinit$$00000000) refers (Special) to libinit2.o(.ARM.Collect$$libinit$$00000021) for __rt_lib_init_clock_1
    libinit.o(.ARM.Collect$$libinit$$00000000) refers (Special) to libinit2.o(.ARM.Collect$$libinit$$00000032) for __rt_lib_init_cpp_1
    libinit.o(.ARM.Collect$$libinit$$00000000) refers (Special) to libinit2.o(.ARM.Collect$$libinit$$00000030) for __rt_lib_init_exceptions_1
    libinit.o(.ARM.Collect$$libinit$$00000000) refers (Special) to libinit2.o(.ARM.Collect$$libinit$$00000002) for __rt_lib_init_fp_1
    libinit.o(.ARM.Collect$$libinit$$00000000) refers (Special) to libinit2.o(.ARM.Collect$$libinit$$0000001F) for __rt_lib_init_fp_trap_1
    libinit.o(.ARM.Collect$$libinit$$00000000) refers (Special) to libinit2.o(.ARM.Collect$$libinit$$00000023) for __rt_lib_init_getenv_1
    libinit.o(.ARM.Collect$$libinit$$00000000) refers (Special) to libinit2.o(.ARM.Collect$$libinit$$0000000A) for __rt_lib_init_heap_1
    libinit.o(.ARM.Collect$$libinit$$00000000) refers (Special) to libinit2.o(.ARM.Collect$$libinit$$00000011) for __rt_lib_init_lc_collate_1
    libinit.o(.ARM.Collect$$libinit$$00000000) refers (Special) to libinit2.o(.ARM.Collect$$libinit$$00000013) for __rt_lib_init_lc_ctype_1
    libinit.o(.ARM.Collect$$libinit$$00000000) refers (Special) to libinit2.o(.ARM.Collect$$libinit$$00000015) for __rt_lib_init_lc_monetary_1
    libinit.o(.ARM.Collect$$libinit$$00000000) refers (Special) to libinit2.o(.ARM.Collect$$libinit$$00000017) for __rt_lib_init_lc_numeric_1
    libinit.o(.ARM.Collect$$libinit$$00000000) refers (Special) to libinit2.o(.ARM.Collect$$libinit$$00000019) for __rt_lib_init_lc_time_1
    libinit.o(.ARM.Collect$$libinit$$00000000) refers (Special) to libinit2.o(.ARM.Collect$$libinit$$00000004) for __rt_lib_init_preinit_1
    libinit.o(.ARM.Collect$$libinit$$00000000) refers (Special) to libinit2.o(.ARM.Collect$$libinit$$0000000E) for __rt_lib_init_rand_1
    libinit.o(.ARM.Collect$$libinit$$00000000) refers (Special) to libinit2.o(.ARM.Collect$$libinit$$00000033) for __rt_lib_init_return
    libinit.o(.ARM.Collect$$libinit$$00000000) refers (Special) to libinit2.o(.ARM.Collect$$libinit$$0000001D) for __rt_lib_init_signal_1
    libinit.o(.ARM.Collect$$libinit$$00000000) refers (Special) to libinit2.o(.ARM.Collect$$libinit$$00000025) for __rt_lib_init_stdio_1
    libinit.o(.ARM.Collect$$libinit$$00000000) refers (Special) to libinit2.o(.ARM.Collect$$libinit$$0000000C) for __rt_lib_init_user_alloc_1
    libspace.o(.text) refers to libspace.o(.bss) for __libspace_start
    rtexit.o(.ARM.Collect$$rtexit$$00000000) refers (Special) to rtexit2.o(.ARM.Collect$$rtexit$$00000004) for __rt_exit_exit
    rtexit.o(.ARM.Collect$$rtexit$$00000000) refers (Special) to rtexit2.o(.ARM.Collect$$rtexit$$00000003) for __rt_exit_ls
    rtexit.o(.ARM.Collect$$rtexit$$00000000) refers (Special) to rtexit2.o(.ARM.Collect$$rtexit$$00000002) for __rt_exit_prels_1
    rtexit.o(.ARM.exidx) refers (Special) to rtexit2.o(.ARM.Collect$$rtexit$$00000004) for __rt_exit_exit
    rtexit.o(.ARM.exidx) refers (Special) to rtexit2.o(.ARM.Collect$$rtexit$$00000003) for __rt_exit_ls
    rtexit.o(.ARM.exidx) refers (Special) to rtexit2.o(.ARM.Collect$$rtexit$$00000002) for __rt_exit_prels_1
    rtexit.o(.ARM.exidx) refers to rtexit.o(.ARM.Collect$$rtexit$$00000000) for .ARM.Collect$$rtexit$$00000000
    rt_raise.o(.text) refers to __raise.o(.text) for __raise
    rt_raise.o(.text) refers to sys_exit.o(.text) for _sys_exit
    defsig_exit.o(.text) refers to sys_exit.o(.text) for _sys_exit
    defsig_fpe_inner.o(.text) refers to defsig_general.o(.text) for __default_signal_display
    libinit2.o(.ARM.Collect$$libinit$$00000010) refers to libinit2.o(.ARM.Collect$$libinit$$0000000F) for .ARM.Collect$$libinit$$0000000F
    libinit2.o(.ARM.Collect$$libinit$$00000012) refers to libinit2.o(.ARM.Collect$$libinit$$0000000F) for .ARM.Collect$$libinit$$0000000F
    libinit2.o(.ARM.Collect$$libinit$$00000014) refers to libinit2.o(.ARM.Collect$$libinit$$0000000F) for .ARM.Collect$$libinit$$0000000F
    libinit2.o(.ARM.Collect$$libinit$$00000016) refers to libinit2.o(.ARM.Collect$$libinit$$0000000F) for .ARM.Collect$$libinit$$0000000F
    libinit2.o(.ARM.Collect$$libinit$$00000018) refers to libinit2.o(.ARM.Collect$$libinit$$0000000F) for .ARM.Collect$$libinit$$0000000F
    libinit2.o(.ARM.Collect$$libinit$$00000026) refers to argv_veneer.o(.text) for __ARM_argv_veneer
    libinit2.o(.ARM.Collect$$libinit$$00000027) refers to argv_veneer.o(.text) for __ARM_argv_veneer
    sys_exit.o(.text) refers (Special) to use_no_semi.o(.text) for __I$use$semihosting
    sys_exit.o(.text) refers (Special) to indicate_semi.o(.text) for __semihosting_library_function
    rtexit2.o(.ARM.Collect$$rtexit$$00000003) refers to libshutdown.o(.ARM.Collect$$libshutdown$$00000000) for __rt_lib_shutdown
    rtexit2.o(.ARM.Collect$$rtexit$$00000004) refers to sys_exit.o(.text) for _sys_exit
    rtexit2.o(.ARM.exidx) refers to rtexit2.o(.ARM.Collect$$rtexit$$00000001) for .ARM.Collect$$rtexit$$00000001
    rtexit2.o(.ARM.exidx) refers to rtexit2.o(.ARM.Collect$$rtexit$$00000003) for .ARM.Collect$$rtexit$$00000003
    rtexit2.o(.ARM.exidx) refers to rtexit2.o(.ARM.Collect$$rtexit$$00000004) for .ARM.Collect$$rtexit$$00000004
    __raise.o(.text) refers to defsig.o(CL$$defsig) for __default_signal_handler
    defsig_general.o(.text) refers to sys_wrch.o(.text) for _ttywrch
    sys_wrch.o(.text) refers (Special) to use_no_semi.o(.text) for __I$use$semihosting
    sys_wrch.o(.text) refers (Special) to indicate_semi.o(.text) for __semihosting_library_function
    defsig.o(CL$$defsig) refers to defsig_fpe_inner.o(.text) for __rt_SIGFPE_inner
    defsig.o(CL$$defsig) refers to defsig_rtmem_inner.o(.text) for __rt_SIGRTMEM_inner
    _get_argv_nomalloc.o(.text) refers (Special) to hrguard.o(.text) for __heap_region$guard
    _get_argv_nomalloc.o(.text) refers to defsig_rtmem_outer.o(.text) for __rt_SIGRTMEM
    _get_argv_nomalloc.o(.text) refers to sys_command.o(.text) for _sys_command_string
    libshutdown.o(.ARM.Collect$$libshutdown$$00000000) refers (Special) to libshutdown2.o(.ARM.Collect$$libshutdown$$00000002) for __rt_lib_shutdown_cpp_1
    libshutdown.o(.ARM.Collect$$libshutdown$$00000000) refers (Special) to libshutdown2.o(.ARM.Collect$$libshutdown$$00000007) for __rt_lib_shutdown_fp_trap_1
    libshutdown.o(.ARM.Collect$$libshutdown$$00000000) refers (Special) to libshutdown2.o(.ARM.Collect$$libshutdown$$0000000F) for __rt_lib_shutdown_heap_1
    libshutdown.o(.ARM.Collect$$libshutdown$$00000000) refers (Special) to libshutdown2.o(.ARM.Collect$$libshutdown$$00000010) for __rt_lib_shutdown_return
    libshutdown.o(.ARM.Collect$$libshutdown$$00000000) refers (Special) to libshutdown2.o(.ARM.Collect$$libshutdown$$0000000A) for __rt_lib_shutdown_signal_1
    libshutdown.o(.ARM.Collect$$libshutdown$$00000000) refers (Special) to libshutdown2.o(.ARM.Collect$$libshutdown$$00000004) for __rt_lib_shutdown_stdio_1
    libshutdown.o(.ARM.Collect$$libshutdown$$00000000) refers (Special) to libshutdown2.o(.ARM.Collect$$libshutdown$$0000000C) for __rt_lib_shutdown_user_alloc_1
    sys_command.o(.text) refers (Special) to use_no_semi.o(.text) for __I$use$semihosting
    sys_command.o(.text) refers (Special) to indicate_semi.o(.text) for __semihosting_library_function
    defsig_abrt_inner.o(.text) refers to defsig_general.o(.text) for __default_signal_display
    defsig_rtred_inner.o(.text) refers to defsig_general.o(.text) for __default_signal_display
    defsig_rtmem_inner.o(.text) refers to defsig_general.o(.text) for __default_signal_display
    defsig_rtmem_outer.o(.text) refers to defsig_rtmem_inner.o(.text) for __rt_SIGRTMEM_inner
    defsig_rtmem_outer.o(.text) refers to defsig_exit.o(.text) for __sig_exit
    defsig_rtmem_formal.o(.text) refers to rt_raise.o(.text) for __rt_raise
    defsig_stak_inner.o(.text) refers to defsig_general.o(.text) for __default_signal_display
    defsig_pvfn_inner.o(.text) refers to defsig_general.o(.text) for __default_signal_display
    defsig_cppl_inner.o(.text) refers to defsig_general.o(.text) for __default_signal_display
    defsig_segv_inner.o(.text) refers to defsig_general.o(.text) for __default_signal_display
    defsig_other.o(.text) refers to defsig_general.o(.text) for __default_signal_display


==============================================================================

Removing Unused input sections from the image.

    Removing main.o(.rev16_text), (4 bytes).
    Removing main.o(.revsh_text), (4 bytes).
    Removing main.o(.bss), (80 bytes).
    Removing main.o(.data), (12 bytes).
    Removing queue.o(.rev16_text), (4 bytes).
    Removing queue.o(.revsh_text), (4 bytes).
    Removing onboard_leds.o(.rev16_text), (4 bytes).
    Removing onboard_leds.o(.revsh_text), (4 bytes).
    Removing scheduler.o(.rev16_text), (4 bytes).
    Removing scheduler.o(.revsh_text), (4 bytes).
    Removing scheduler.o(.bss), (80 bytes).
    Removing scheduler.o(.data), (12 bytes).
    Removing motor.o(.rev16_text), (4 bytes).
    Removing motor.o(.revsh_text), (4 bytes).
    Removing motor.o(i.task_motorComponentStatusCheck), (84 bytes).
    Removing serialcomm.o(.rev16_text), (4 bytes).
    Removing serialcomm.o(.revsh_text), (4 bytes).
    Removing serialcomm.o(i.Get_Rx_Char), (16 bytes).
    Removing serialcomm.o(i.Rx_Chars_Available), (16 bytes).
    Removing serialcomm.o(i.fgetc), (28 bytes).
    Removing system_mkl25z4.o(.rev16_text), (4 bytes).
    Removing system_mkl25z4.o(.revsh_text), (4 bytes).
    Removing system_mkl25z4.o(i.SystemCoreClockUpdate), (400 bytes).
    Removing system_mkl25z4.o(.data), (4 bytes).
    Removing system_mkl25z4.o(i.__ARM_common_switch8), (28 bytes).

25 unused section(s) (total 816 bytes) removed from the image.

==============================================================================

Image Symbol Table

    Local Symbols

    Symbol Name                              Value     Ov Type        Size  Object(Section)

    RESET                                    0x00000000   Section      192  startup_mkl25z4.o(RESET)
    ../clib/angel/boardlib.s                 0x00000000   Number         0  boardshut.o ABSOLUTE
    ../clib/angel/boardlib.s                 0x00000000   Number         0  boardinit1.o ABSOLUTE
    ../clib/angel/boardlib.s                 0x00000000   Number         0  boardinit2.o ABSOLUTE
    ../clib/angel/boardlib.s                 0x00000000   Number         0  boardinit3.o ABSOLUTE
    ../clib/angel/handlers.s                 0x00000000   Number         0  __scatter_zi.o ABSOLUTE
    ../clib/angel/handlers.s                 0x00000000   Number         0  __scatter_copy.o ABSOLUTE
    ../clib/angel/kernel.s                   0x00000000   Number         0  __rtentry2.o ABSOLUTE
    ../clib/angel/kernel.s                   0x00000000   Number         0  __rtentry4.o ABSOLUTE
    ../clib/angel/kernel.s                   0x00000000   Number         0  __rtentry.o ABSOLUTE
    ../clib/angel/kernel.s                   0x00000000   Number         0  rtexit.o ABSOLUTE
    ../clib/angel/kernel.s                   0x00000000   Number         0  rtexit2.o ABSOLUTE
    ../clib/angel/rt.s                       0x00000000   Number         0  rt_raise.o ABSOLUTE
    ../clib/angel/rt.s                       0x00000000   Number         0  aeabi_idiv0_sigfpe.o ABSOLUTE
    ../clib/angel/rt.s                       0x00000000   Number         0  aeabi_idiv0.o ABSOLUTE
    ../clib/angel/rt.s                       0x00000000   Number         0  rt_div0.o ABSOLUTE
    ../clib/angel/scatterp.s                 0x00000000   Number         0  __scatter.o ABSOLUTE
    ../clib/angel/startup.s                  0x00000000   Number         0  __main.o ABSOLUTE
    ../clib/angel/sys.s                      0x00000000   Number         0  libspace.o ABSOLUTE
    ../clib/angel/sys.s                      0x00000000   Number         0  tempstk.o ABSOLUTE
    ../clib/angel/sys.s                      0x00000000   Number         0  sys_stackheap_outer.o ABSOLUTE
    ../clib/angel/sys.s                      0x00000000   Number         0  indicate_semi.o ABSOLUTE
    ../clib/angel/sys.s                      0x00000000   Number         0  use_no_semi.o ABSOLUTE
    ../clib/angel/sysapp.c                   0x00000000   Number         0  sys_command.o ABSOLUTE
    ../clib/angel/sysapp.c                   0x00000000   Number         0  sys_exit.o ABSOLUTE
    ../clib/angel/sysapp.c                   0x00000000   Number         0  sys_wrch.o ABSOLUTE
    ../clib/armsys.c                         0x00000000   Number         0  no_argv.o ABSOLUTE
    ../clib/armsys.c                         0x00000000   Number         0  _get_argv_nomalloc.o ABSOLUTE
    ../clib/armsys.c                         0x00000000   Number         0  argv_veneer.o ABSOLUTE
    ../clib/division.s                       0x00000000   Number         0  aeabi_sdiv_div0.o ABSOLUTE
    ../clib/division.s                       0x00000000   Number         0  aeabi_sdiv.o ABSOLUTE
    ../clib/heapalloc.c                      0x00000000   Number         0  hrguard.o ABSOLUTE
    ../clib/heapaux.c                        0x00000000   Number         0  heapauxi.o ABSOLUTE
    ../clib/libinit.s                        0x00000000   Number         0  libshutdown.o ABSOLUTE
    ../clib/libinit.s                        0x00000000   Number         0  libinit.o ABSOLUTE
    ../clib/libinit.s                        0x00000000   Number         0  libshutdown2.o ABSOLUTE
    ../clib/libinit.s                        0x00000000   Number         0  libinit2.o ABSOLUTE
    ../clib/printf.c                         0x00000000   Number         0  __printf_ss.o ABSOLUTE
    ../clib/printf.c                         0x00000000   Number         0  __printf_flags_ss_wp.o ABSOLUTE
    ../clib/printf.c                         0x00000000   Number         0  __printf_wp.o ABSOLUTE
    ../clib/printf.c                         0x00000000   Number         0  __2printf.o ABSOLUTE
    ../clib/printf.c                         0x00000000   Number         0  noretval__2printf.o ABSOLUTE
    ../clib/printf.c                         0x00000000   Number         0  __printf_flags_ss.o ABSOLUTE
    ../clib/printf.c                         0x00000000   Number         0  __printf_ss_wp.o ABSOLUTE
    ../clib/printf.c                         0x00000000   Number         0  __printf_flags_wp.o ABSOLUTE
    ../clib/printf.c                         0x00000000   Number         0  __printf_nopercent.o ABSOLUTE
    ../clib/printf.c                         0x00000000   Number         0  __printf_flags.o ABSOLUTE
    ../clib/printf.c                         0x00000000   Number         0  __printf.o ABSOLUTE
    ../clib/printf.c                         0x00000000   Number         0  _printf_char_file.o ABSOLUTE
    ../clib/printf.c                         0x00000000   Number         0  _printf_char_common.o ABSOLUTE
    ../clib/printf_percent.s                 0x00000000   Number         0  _printf_percent_end.o ABSOLUTE
    ../clib/printf_percent.s                 0x00000000   Number         0  _printf_percent.o ABSOLUTE
    ../clib/signal.c                         0x00000000   Number         0  defsig_segv_inner.o ABSOLUTE
    ../clib/signal.c                         0x00000000   Number         0  defsig_stak_inner.o ABSOLUTE
    ../clib/signal.c                         0x00000000   Number         0  defsig_general.o ABSOLUTE
    ../clib/signal.c                         0x00000000   Number         0  __raise.o ABSOLUTE
    ../clib/signal.c                         0x00000000   Number         0  defsig_rtmem_formal.o ABSOLUTE
    ../clib/signal.c                         0x00000000   Number         0  defsig_rtmem_outer.o ABSOLUTE
    ../clib/signal.c                         0x00000000   Number         0  defsig_rtmem_inner.o ABSOLUTE
    ../clib/signal.c                         0x00000000   Number         0  defsig_rtred_inner.o ABSOLUTE
    ../clib/signal.c                         0x00000000   Number         0  defsig_abrt_inner.o ABSOLUTE
    ../clib/signal.c                         0x00000000   Number         0  defsig_other.o ABSOLUTE
    ../clib/signal.c                         0x00000000   Number         0  defsig_exit.o ABSOLUTE
    ../clib/signal.c                         0x00000000   Number         0  defsig_fpe_inner.o ABSOLUTE
    ../clib/signal.c                         0x00000000   Number         0  defsig_fpe_formal.o ABSOLUTE
    ../clib/signal.c                         0x00000000   Number         0  defsig_fpe_outer.o ABSOLUTE
    ../clib/signal.c                         0x00000000   Number         0  defsig_pvfn_inner.o ABSOLUTE
    ../clib/signal.c                         0x00000000   Number         0  defsig_cppl_inner.o ABSOLUTE
    ../clib/signal.s                         0x00000000   Number         0  defsig.o ABSOLUTE
    ../clib/stdio.c                          0x00000000   Number         0  ferror.o ABSOLUTE
    ../clib/stdio.c                          0x00000000   Number         0  ferror_locked.o ABSOLUTE
    ../clib/stdlib.c                         0x00000000   Number         0  exit.o ABSOLUTE
    ../fplib/cfplib/ddiv.c                   0x00000000   Number         0  ddiv.o ABSOLUTE
    ../fplib/cfplib/ffix.c                   0x00000000   Number         0  dfixui.o ABSOLUTE
    ../fplib/cfplib/fflt.c                   0x00000000   Number         0  dflti.o ABSOLUTE
    ../fplib/cfplib/fpinit.c                 0x00000000   Number         0  fpinit.o ABSOLUTE
    ../fplib/usenofp.s                       0x00000000   Number         0  usenofp.o ABSOLUTE
    RTE\Device\MKL25Z128xxx4\startup_MKL25Z4.s 0x00000000   Number         0  startup_mkl25z4.o ABSOLUTE
    RTE\Device\MKL25Z128xxx4\system_MKL25Z4.c 0x00000000   Number         0  system_mkl25z4.o ABSOLUTE
    RTE\\Device\\MKL25Z128xxx4\\system_MKL25Z4.c 0x00000000   Number         0  system_mkl25z4.o ABSOLUTE
    dc.s                                     0x00000000   Number         0  dc.o ABSOLUTE
    src\\main.c                              0x00000000   Number         0  main.o ABSOLUTE
    src\\motor.c                             0x00000000   Number         0  motor.o ABSOLUTE
    src\\onboard_leds.c                      0x00000000   Number         0  onboard_leds.o ABSOLUTE
    src\\queue.c                             0x00000000   Number         0  queue.o ABSOLUTE
    src\\scheduler.c                         0x00000000   Number         0  scheduler.o ABSOLUTE
    src\\serialcomm.c                        0x00000000   Number         0  serialcomm.o ABSOLUTE
    src\main.c                               0x00000000   Number         0  main.o ABSOLUTE
    src\motor.c                              0x00000000   Number         0  motor.o ABSOLUTE
    src\onboard_leds.c                       0x00000000   Number         0  onboard_leds.o ABSOLUTE
    src\queue.c                              0x00000000   Number         0  queue.o ABSOLUTE
    src\scheduler.c                          0x00000000   Number         0  scheduler.o ABSOLUTE
    src\serialcomm.c                         0x00000000   Number         0  serialcomm.o ABSOLUTE
    !!!main                                  0x000000c0   Section        8  __main.o(!!!main)
    !!!scatter                               0x000000c8   Section       60  __scatter.o(!!!scatter)
    !!handler_copy                           0x00000104   Section       26  __scatter_copy.o(!!handler_copy)
    !!handler_zi                             0x00000120   Section       28  __scatter_zi.o(!!handler_zi)
    .ARM.Collect$$_printf_percent$$00000000  0x0000013c   Section        2  _printf_percent.o(.ARM.Collect$$_printf_percent$$00000000)
    .ARM.Collect$$_printf_percent$$00000017  0x0000013e   Section        4  _printf_percent_end.o(.ARM.Collect$$_printf_percent$$00000017)
    .ARM.Collect$$libinit$$00000000          0x00000142   Section        2  libinit.o(.ARM.Collect$$libinit$$00000000)
    .ARM.Collect$$libinit$$00000002          0x00000144   Section        0  libinit2.o(.ARM.Collect$$libinit$$00000002)
    .ARM.Collect$$libinit$$00000004          0x00000144   Section        0  libinit2.o(.ARM.Collect$$libinit$$00000004)
    .ARM.Collect$$libinit$$0000000A          0x00000144   Section        0  libinit2.o(.ARM.Collect$$libinit$$0000000A)
    .ARM.Collect$$libinit$$0000000C          0x00000144   Section        0  libinit2.o(.ARM.Collect$$libinit$$0000000C)
    .ARM.Collect$$libinit$$0000000E          0x00000144   Section        0  libinit2.o(.ARM.Collect$$libinit$$0000000E)
    .ARM.Collect$$libinit$$00000011          0x00000144   Section        0  libinit2.o(.ARM.Collect$$libinit$$00000011)
    .ARM.Collect$$libinit$$00000013          0x00000144   Section        0  libinit2.o(.ARM.Collect$$libinit$$00000013)
    .ARM.Collect$$libinit$$00000015          0x00000144   Section        0  libinit2.o(.ARM.Collect$$libinit$$00000015)
    .ARM.Collect$$libinit$$00000017          0x00000144   Section        0  libinit2.o(.ARM.Collect$$libinit$$00000017)
    .ARM.Collect$$libinit$$00000019          0x00000144   Section        0  libinit2.o(.ARM.Collect$$libinit$$00000019)
    .ARM.Collect$$libinit$$0000001B          0x00000144   Section        0  libinit2.o(.ARM.Collect$$libinit$$0000001B)
    .ARM.Collect$$libinit$$0000001D          0x00000144   Section        0  libinit2.o(.ARM.Collect$$libinit$$0000001D)
    .ARM.Collect$$libinit$$0000001F          0x00000144   Section        0  libinit2.o(.ARM.Collect$$libinit$$0000001F)
    .ARM.Collect$$libinit$$00000021          0x00000144   Section        0  libinit2.o(.ARM.Collect$$libinit$$00000021)
    .ARM.Collect$$libinit$$00000023          0x00000144   Section        0  libinit2.o(.ARM.Collect$$libinit$$00000023)
    .ARM.Collect$$libinit$$00000025          0x00000144   Section        0  libinit2.o(.ARM.Collect$$libinit$$00000025)
    .ARM.Collect$$libinit$$0000002C          0x00000144   Section        0  libinit2.o(.ARM.Collect$$libinit$$0000002C)
    .ARM.Collect$$libinit$$0000002E          0x00000144   Section        0  libinit2.o(.ARM.Collect$$libinit$$0000002E)
    .ARM.Collect$$libinit$$00000030          0x00000144   Section        0  libinit2.o(.ARM.Collect$$libinit$$00000030)
    .ARM.Collect$$libinit$$00000032          0x00000144   Section        0  libinit2.o(.ARM.Collect$$libinit$$00000032)
    .ARM.Collect$$libinit$$00000033          0x00000144   Section        2  libinit2.o(.ARM.Collect$$libinit$$00000033)
    .ARM.Collect$$libshutdown$$00000000      0x00000146   Section        2  libshutdown.o(.ARM.Collect$$libshutdown$$00000000)
    .ARM.Collect$$libshutdown$$00000002      0x00000148   Section        0  libshutdown2.o(.ARM.Collect$$libshutdown$$00000002)
    .ARM.Collect$$libshutdown$$00000004      0x00000148   Section        0  libshutdown2.o(.ARM.Collect$$libshutdown$$00000004)
    .ARM.Collect$$libshutdown$$00000007      0x00000148   Section        0  libshutdown2.o(.ARM.Collect$$libshutdown$$00000007)
    .ARM.Collect$$libshutdown$$0000000A      0x00000148   Section        0  libshutdown2.o(.ARM.Collect$$libshutdown$$0000000A)
    .ARM.Collect$$libshutdown$$0000000C      0x00000148   Section        0  libshutdown2.o(.ARM.Collect$$libshutdown$$0000000C)
    .ARM.Collect$$libshutdown$$0000000F      0x00000148   Section        0  libshutdown2.o(.ARM.Collect$$libshutdown$$0000000F)
    .ARM.Collect$$libshutdown$$00000010      0x00000148   Section        2  libshutdown2.o(.ARM.Collect$$libshutdown$$00000010)
    .ARM.Collect$$rtentry$$00000000          0x0000014a   Section        0  __rtentry.o(.ARM.Collect$$rtentry$$00000000)
    .ARM.Collect$$rtentry$$00000002          0x0000014a   Section        0  __rtentry2.o(.ARM.Collect$$rtentry$$00000002)
    .ARM.Collect$$rtentry$$00000004          0x0000014a   Section        6  __rtentry4.o(.ARM.Collect$$rtentry$$00000004)
    .ARM.Collect$$rtentry$$00000009          0x00000150   Section        0  __rtentry2.o(.ARM.Collect$$rtentry$$00000009)
    .ARM.Collect$$rtentry$$0000000A          0x00000150   Section        4  __rtentry2.o(.ARM.Collect$$rtentry$$0000000A)
    .ARM.Collect$$rtentry$$0000000C          0x00000154   Section        0  __rtentry2.o(.ARM.Collect$$rtentry$$0000000C)
    .ARM.Collect$$rtentry$$0000000D          0x00000154   Section        8  __rtentry2.o(.ARM.Collect$$rtentry$$0000000D)
    .ARM.Collect$$rtexit$$00000000           0x0000015c   Section        2  rtexit.o(.ARM.Collect$$rtexit$$00000000)
    .ARM.Collect$$rtexit$$00000002           0x0000015e   Section        0  rtexit2.o(.ARM.Collect$$rtexit$$00000002)
    .ARM.Collect$$rtexit$$00000003           0x0000015e   Section        4  rtexit2.o(.ARM.Collect$$rtexit$$00000003)
    .ARM.Collect$$rtexit$$00000004           0x00000162   Section        6  rtexit2.o(.ARM.Collect$$rtexit$$00000004)
    .text                                    0x00000168   Section       64  startup_mkl25z4.o(.text)
    .text                                    0x000001a8   Section        0  noretval__2printf.o(.text)
    .text                                    0x000001c4   Section        0  __printf.o(.text)
    .text                                    0x00000230   Section        0  heapauxi.o(.text)
    .text                                    0x00000238   Section        0  dfixui.o(.text)
    .text                                    0x00000280   Section        0  dflti.o(.text)
    .text                                    0x000002d8   Section        0  _printf_char_file.o(.text)
    .text                                    0x00000300   Section        0  _printf_char_common.o(.text)
    _printf_input_char                       0x00000301   Thumb Code    10  _printf_char_common.o(.text)
    .text                                    0x00000330   Section        0  ferror.o(.text)
    .text                                    0x00000338   Section       62  sys_stackheap_outer.o(.text)
    .text                                    0x00000376   Section        0  exit.o(.text)
    .text                                    0x00000388   Section        8  libspace.o(.text)
    .text                                    0x00000390   Section        0  sys_exit.o(.text)
    .text                                    0x0000039c   Section        2  use_no_semi.o(.text)
    .text                                    0x0000039e   Section        0  indicate_semi.o(.text)
    i.Init_PortB                             0x000003a0   Section        0  motor.o(i.Init_PortB)
    .ARM.__at_0x400                          0x00000400   Section       16  startup_mkl25z4.o(.ARM.__at_0x400)
    .text                                    0x00000410   Section        0  ddiv.o(.text)
    i.Init_OnboardRGB_LEDs                   0x00000858   Section        0  onboard_leds.o(i.Init_OnboardRGB_LEDs)
    i.Init_Queue                             0x00000904   Section        0  queue.o(i.Init_Queue)
    i.Init_SysTick                           0x00000920   Section        0  scheduler.o(i.Init_SysTick)
    i.Init_TPM0                              0x00000954   Section        0  motor.o(i.Init_TPM0)
    i.Init_UART0                             0x000009c0   Section        0  serialcomm.o(i.Init_UART0)
    i.Send_String                            0x00000b08   Section        0  serialcomm.o(i.Send_String)
    i.SysTick_Handler                        0x00000b58   Section        0  scheduler.o(i.SysTick_Handler)
    i.SystemInit                             0x00000b68   Section        0  system_mkl25z4.o(i.SystemInit)
    i.TPM0_IRQHandler                        0x00000ca0   Section        0  motor.o(i.TPM0_IRQHandler)
    i.UART0_IRQHandler                       0x00000d18   Section        0  serialcomm.o(i.UART0_IRQHandler)
    i.__NVIC_SetPriority                     0x00000da0   Section        0  scheduler.o(i.__NVIC_SetPriority)
    __NVIC_SetPriority                       0x00000da1   Thumb Code   110  scheduler.o(i.__NVIC_SetPriority)
    i.__NVIC_SetPriority                     0x00000e18   Section        0  serialcomm.o(i.__NVIC_SetPriority)
    __NVIC_SetPriority                       0x00000e19   Thumb Code   110  serialcomm.o(i.__NVIC_SetPriority)
    i.dequeueChar                            0x00000e90   Section        0  queue.o(i.dequeueChar)
    i.enqueueChar                            0x00000edc   Section        0  queue.o(i.enqueueChar)
    i.fputc                                  0x00000f20   Section        0  serialcomm.o(i.fputc)
    i.isQueueEmpty                           0x00000f44   Section        0  queue.o(i.isQueueEmpty)
    i.isQueueFull                            0x00000f54   Section        0  queue.o(i.isQueueFull)
    i.main                                   0x00000f68   Section        0  main.o(i.main)
    i.queueSize                              0x00000fe0   Section        0  queue.o(i.queueSize)
    i.scheduler                              0x00000fe6   Section        0  scheduler.o(i.scheduler)
    i.startTPM0Counter                       0x00001054   Section        0  motor.o(i.startTPM0Counter)
    startTPM0Counter                         0x00001055   Thumb Code    40  motor.o(i.startTPM0Counter)
    i.stopTPM0Counter                        0x00001080   Section        0  motor.o(i.stopTPM0Counter)
    stopTPM0Counter                          0x00001081   Thumb Code    26  motor.o(i.stopTPM0Counter)
    i.task_CheckForAndProcessSerialChars     0x000010a0   Section        0  serialcomm.o(i.task_CheckForAndProcessSerialChars)
    i.task_ControlRGB_LEDs                   0x000010c0   Section        0  onboard_leds.o(i.task_ControlRGB_LEDs)
    i.task_StartTransmitter                  0x0000110c   Section        0  serialcomm.o(i.task_StartTransmitter)
    i.task_changeDirection                   0x00001128   Section        0  motor.o(i.task_changeDirection)
    i.task_pulseStepperMotor                 0x00001148   Section        0  motor.o(i.task_pulseStepperMotor)
    i.task_readRecievedChar                  0x00001168   Section        0  serialcomm.o(i.task_readRecievedChar)
    i.task_scanForAndProcessIfMotorCommands  0x00001170   Section        0  motor.o(i.task_scanForAndProcessIfMotorCommands)
    .constdata                               0x000011e8   Section      128  ddiv.o(.constdata)
    x$fpl$usenofp                            0x000011e8   Section        0  usenofp.o(x$fpl$usenofp)
    ddiv_reciptbl                            0x000011e8   Data         128  ddiv.o(.constdata)
    .data                                    0x1ffff000   Section        4  motor.o(.data)
    motorState                               0x1ffff000   Data           1  motor.o(.data)
    panDirectionReversed                     0x1ffff001   Data           1  motor.o(.data)
    tiltDirectionReversed                    0x1ffff002   Data           1  motor.o(.data)
    g_PulseCmd                               0x1ffff003   Data           1  motor.o(.data)
    .data                                    0x1ffff004   Section       16  serialcomm.o(.data)
    recievedChar                             0x1ffff004   Data           1  serialcomm.o(.data)
    bufferPtr                                0x1ffff008   Data           4  serialcomm.o(.data)
    .bss                                     0x1ffff014   Section      616  serialcomm.o(.bss)
    buffer                                   0x1ffff014   Data          80  serialcomm.o(.bss)
    .bss                                     0x1ffff27c   Section       96  libspace.o(.bss)
    HEAP                                     0x1ffff2e0   Section        0  startup_mkl25z4.o(HEAP)
    STACK                                    0x1ffff2e0   Section     1024  startup_mkl25z4.o(STACK)
    Heap_Mem                                 0x1ffff2e0   Data           0  startup_mkl25z4.o(HEAP)
    Stack_Mem                                0x1ffff2e0   Data        1024  startup_mkl25z4.o(STACK)
    __initial_sp                             0x1ffff6e0   Data           0  startup_mkl25z4.o(STACK)

    Global Symbols

    Symbol Name                              Value     Ov Type        Size  Object(Section)

    BuildAttributes$$THM_ISAv3M$S$PE$A:L22$X:L11$S22$IEEE1$IW$USESV6$~STKCKD$USESV7$~SHL$OSPACE$ROPI$EBA8$UX$STANDARDLIB$REQ8$PRES8$EABIv2 0x00000000   Number         0  anon$$obj.o ABSOLUTE
    __ARM_use_no_argv                        0x00000000   Number         0  main.o ABSOLUTE
    __Vectors                                0x00000000   Data           4  startup_mkl25z4.o(RESET)
    __ARM_exceptions_init                     - Undefined Weak Reference
    __alloca_initialize                       - Undefined Weak Reference
    __arm_preinit_                            - Undefined Weak Reference
    __cpp_initialize__aeabi_                  - Undefined Weak Reference
    __cxa_finalize                            - Undefined Weak Reference
    __rt_locale                               - Undefined Weak Reference
    __sigvec_lookup                           - Undefined Weak Reference
    _atexit_init                              - Undefined Weak Reference
    _call_atexit_fns                          - Undefined Weak Reference
    _clock_init                               - Undefined Weak Reference
    _fp_trap_init                             - Undefined Weak Reference
    _fp_trap_shutdown                         - Undefined Weak Reference
    _get_lc_collate                           - Undefined Weak Reference
    _get_lc_ctype                             - Undefined Weak Reference
    _get_lc_monetary                          - Undefined Weak Reference
    _get_lc_numeric                           - Undefined Weak Reference
    _get_lc_time                              - Undefined Weak Reference
    _getenv_init                              - Undefined Weak Reference
    _handle_redirection                       - Undefined Weak Reference
    _init_alloc                               - Undefined Weak Reference
    _init_user_alloc                          - Undefined Weak Reference
    _initio                                   - Undefined Weak Reference
    _mutex_acquire                            - Undefined Weak Reference
    _mutex_release                            - Undefined Weak Reference
    _rand_init                                - Undefined Weak Reference
    _signal_finish                            - Undefined Weak Reference
    _signal_init                              - Undefined Weak Reference
    _terminate_alloc                          - Undefined Weak Reference
    _terminate_user_alloc                     - Undefined Weak Reference
    _terminateio                              - Undefined Weak Reference
    __Vectors_End                            0x000000c0   Data           0  startup_mkl25z4.o(RESET)
    __Vectors_Size                           0x000000c0   Number         0  startup_mkl25z4.o ABSOLUTE
    __main                                   0x000000c1   Thumb Code     8  __main.o(!!!main)
    __scatterload                            0x000000c9   Thumb Code     0  __scatter.o(!!!scatter)
    __scatterload_rt2                        0x000000c9   Thumb Code    52  __scatter.o(!!!scatter)
    __scatterload_rt2_thumb_only             0x000000c9   Thumb Code     0  __scatter.o(!!!scatter)
    __scatterload_null                       0x000000d9   Thumb Code     0  __scatter.o(!!!scatter)
    __scatterload_copy                       0x00000105   Thumb Code    26  __scatter_copy.o(!!handler_copy)
    __scatterload_zeroinit                   0x00000121   Thumb Code    28  __scatter_zi.o(!!handler_zi)
    _printf_percent                          0x0000013d   Thumb Code     0  _printf_percent.o(.ARM.Collect$$_printf_percent$$00000000)
    _printf_percent_end                      0x0000013f   Thumb Code     0  _printf_percent_end.o(.ARM.Collect$$_printf_percent$$00000017)
    __rt_lib_init                            0x00000143   Thumb Code     0  libinit.o(.ARM.Collect$$libinit$$00000000)
    __rt_lib_init_alloca_1                   0x00000145   Thumb Code     0  libinit2.o(.ARM.Collect$$libinit$$0000002E)
    __rt_lib_init_argv_1                     0x00000145   Thumb Code     0  libinit2.o(.ARM.Collect$$libinit$$0000002C)
    __rt_lib_init_atexit_1                   0x00000145   Thumb Code     0  libinit2.o(.ARM.Collect$$libinit$$0000001B)
    __rt_lib_init_clock_1                    0x00000145   Thumb Code     0  libinit2.o(.ARM.Collect$$libinit$$00000021)
    __rt_lib_init_cpp_1                      0x00000145   Thumb Code     0  libinit2.o(.ARM.Collect$$libinit$$00000032)
    __rt_lib_init_exceptions_1               0x00000145   Thumb Code     0  libinit2.o(.ARM.Collect$$libinit$$00000030)
    __rt_lib_init_fp_1                       0x00000145   Thumb Code     0  libinit2.o(.ARM.Collect$$libinit$$00000002)
    __rt_lib_init_fp_trap_1                  0x00000145   Thumb Code     0  libinit2.o(.ARM.Collect$$libinit$$0000001F)
    __rt_lib_init_getenv_1                   0x00000145   Thumb Code     0  libinit2.o(.ARM.Collect$$libinit$$00000023)
    __rt_lib_init_heap_1                     0x00000145   Thumb Code     0  libinit2.o(.ARM.Collect$$libinit$$0000000A)
    __rt_lib_init_lc_collate_1               0x00000145   Thumb Code     0  libinit2.o(.ARM.Collect$$libinit$$00000011)
    __rt_lib_init_lc_ctype_1                 0x00000145   Thumb Code     0  libinit2.o(.ARM.Collect$$libinit$$00000013)
    __rt_lib_init_lc_monetary_1              0x00000145   Thumb Code     0  libinit2.o(.ARM.Collect$$libinit$$00000015)
    __rt_lib_init_lc_numeric_1               0x00000145   Thumb Code     0  libinit2.o(.ARM.Collect$$libinit$$00000017)
    __rt_lib_init_lc_time_1                  0x00000145   Thumb Code     0  libinit2.o(.ARM.Collect$$libinit$$00000019)
    __rt_lib_init_preinit_1                  0x00000145   Thumb Code     0  libinit2.o(.ARM.Collect$$libinit$$00000004)
    __rt_lib_init_rand_1                     0x00000145   Thumb Code     0  libinit2.o(.ARM.Collect$$libinit$$0000000E)
    __rt_lib_init_return                     0x00000145   Thumb Code     0  libinit2.o(.ARM.Collect$$libinit$$00000033)
    __rt_lib_init_signal_1                   0x00000145   Thumb Code     0  libinit2.o(.ARM.Collect$$libinit$$0000001D)
    __rt_lib_init_stdio_1                    0x00000145   Thumb Code     0  libinit2.o(.ARM.Collect$$libinit$$00000025)
    __rt_lib_init_user_alloc_1               0x00000145   Thumb Code     0  libinit2.o(.ARM.Collect$$libinit$$0000000C)
    __rt_lib_shutdown                        0x00000147   Thumb Code     0  libshutdown.o(.ARM.Collect$$libshutdown$$00000000)
    __rt_lib_shutdown_cpp_1                  0x00000149   Thumb Code     0  libshutdown2.o(.ARM.Collect$$libshutdown$$00000002)
    __rt_lib_shutdown_fp_trap_1              0x00000149   Thumb Code     0  libshutdown2.o(.ARM.Collect$$libshutdown$$00000007)
    __rt_lib_shutdown_heap_1                 0x00000149   Thumb Code     0  libshutdown2.o(.ARM.Collect$$libshutdown$$0000000F)
    __rt_lib_shutdown_return                 0x00000149   Thumb Code     0  libshutdown2.o(.ARM.Collect$$libshutdown$$00000010)
    __rt_lib_shutdown_signal_1               0x00000149   Thumb Code     0  libshutdown2.o(.ARM.Collect$$libshutdown$$0000000A)
    __rt_lib_shutdown_stdio_1                0x00000149   Thumb Code     0  libshutdown2.o(.ARM.Collect$$libshutdown$$00000004)
    __rt_lib_shutdown_user_alloc_1           0x00000149   Thumb Code     0  libshutdown2.o(.ARM.Collect$$libshutdown$$0000000C)
    __rt_entry                               0x0000014b   Thumb Code     0  __rtentry.o(.ARM.Collect$$rtentry$$00000000)
    __rt_entry_presh_1                       0x0000014b   Thumb Code     0  __rtentry2.o(.ARM.Collect$$rtentry$$00000002)
    __rt_entry_sh                            0x0000014b   Thumb Code     0  __rtentry4.o(.ARM.Collect$$rtentry$$00000004)
    __rt_entry_li                            0x00000151   Thumb Code     0  __rtentry2.o(.ARM.Collect$$rtentry$$0000000A)
    __rt_entry_postsh_1                      0x00000151   Thumb Code     0  __rtentry2.o(.ARM.Collect$$rtentry$$00000009)
    __rt_entry_main                          0x00000155   Thumb Code     0  __rtentry2.o(.ARM.Collect$$rtentry$$0000000D)
    __rt_entry_postli_1                      0x00000155   Thumb Code     0  __rtentry2.o(.ARM.Collect$$rtentry$$0000000C)
    __rt_exit                                0x0000015d   Thumb Code     0  rtexit.o(.ARM.Collect$$rtexit$$00000000)
    __rt_exit_ls                             0x0000015f   Thumb Code     0  rtexit2.o(.ARM.Collect$$rtexit$$00000003)
    __rt_exit_prels_1                        0x0000015f   Thumb Code     0  rtexit2.o(.ARM.Collect$$rtexit$$00000002)
    __rt_exit_exit                           0x00000163   Thumb Code     0  rtexit2.o(.ARM.Collect$$rtexit$$00000004)
    Reset_Handler                            0x00000169   Thumb Code    12  startup_mkl25z4.o(.text)
    NMI_Handler                              0x00000175   Thumb Code     2  startup_mkl25z4.o(.text)
    HardFault_Handler                        0x00000177   Thumb Code     2  startup_mkl25z4.o(.text)
    SVC_Handler                              0x00000179   Thumb Code     2  startup_mkl25z4.o(.text)
    PendSV_Handler                           0x0000017b   Thumb Code     2  startup_mkl25z4.o(.text)
    ADC0_IRQHandler                          0x0000017f   Thumb Code     0  startup_mkl25z4.o(.text)
    CMP0_IRQHandler                          0x0000017f   Thumb Code     0  startup_mkl25z4.o(.text)
    DAC0_IRQHandler                          0x0000017f   Thumb Code     0  startup_mkl25z4.o(.text)
    DMA0_IRQHandler                          0x0000017f   Thumb Code     0  startup_mkl25z4.o(.text)
    DMA1_IRQHandler                          0x0000017f   Thumb Code     0  startup_mkl25z4.o(.text)
    DMA2_IRQHandler                          0x0000017f   Thumb Code     0  startup_mkl25z4.o(.text)
    DMA3_IRQHandler                          0x0000017f   Thumb Code     0  startup_mkl25z4.o(.text)
    DefaultISR                               0x0000017f   Thumb Code     0  startup_mkl25z4.o(.text)
    FTFA_IRQHandler                          0x0000017f   Thumb Code     0  startup_mkl25z4.o(.text)
    I2C0_IRQHandler                          0x0000017f   Thumb Code     0  startup_mkl25z4.o(.text)
    I2C1_IRQHandler                          0x0000017f   Thumb Code     0  startup_mkl25z4.o(.text)
    LLWU_IRQHandler                          0x0000017f   Thumb Code     0  startup_mkl25z4.o(.text)
    LPTMR0_IRQHandler                        0x0000017f   Thumb Code     0  startup_mkl25z4.o(.text)
    LVD_LVW_IRQHandler                       0x0000017f   Thumb Code     0  startup_mkl25z4.o(.text)
    MCG_IRQHandler                           0x0000017f   Thumb Code     0  startup_mkl25z4.o(.text)
    PIT_IRQHandler                           0x0000017f   Thumb Code     0  startup_mkl25z4.o(.text)
    PORTA_IRQHandler                         0x0000017f   Thumb Code     0  startup_mkl25z4.o(.text)
    PORTD_IRQHandler                         0x0000017f   Thumb Code     0  startup_mkl25z4.o(.text)
    RTC_IRQHandler                           0x0000017f   Thumb Code     0  startup_mkl25z4.o(.text)
    RTC_Seconds_IRQHandler                   0x0000017f   Thumb Code     0  startup_mkl25z4.o(.text)
    Reserved20_IRQHandler                    0x0000017f   Thumb Code     0  startup_mkl25z4.o(.text)
    Reserved39_IRQHandler                    0x0000017f   Thumb Code     0  startup_mkl25z4.o(.text)
    Reserved45_IRQHandler                    0x0000017f   Thumb Code     0  startup_mkl25z4.o(.text)
    SPI0_IRQHandler                          0x0000017f   Thumb Code     0  startup_mkl25z4.o(.text)
    SPI1_IRQHandler                          0x0000017f   Thumb Code     0  startup_mkl25z4.o(.text)
    TPM1_IRQHandler                          0x0000017f   Thumb Code     0  startup_mkl25z4.o(.text)
    TPM2_IRQHandler                          0x0000017f   Thumb Code     0  startup_mkl25z4.o(.text)
    TSI0_IRQHandler                          0x0000017f   Thumb Code     0  startup_mkl25z4.o(.text)
    UART1_IRQHandler                         0x0000017f   Thumb Code     0  startup_mkl25z4.o(.text)
    UART2_IRQHandler                         0x0000017f   Thumb Code     0  startup_mkl25z4.o(.text)
    USB0_IRQHandler                          0x0000017f   Thumb Code     0  startup_mkl25z4.o(.text)
    __user_initial_stackheap                 0x00000185   Thumb Code     0  startup_mkl25z4.o(.text)
    __2printf                                0x000001a9   Thumb Code    22  noretval__2printf.o(.text)
    __printf                                 0x000001c5   Thumb Code   108  __printf.o(.text)
    __use_two_region_memory                  0x00000231   Thumb Code     2  heapauxi.o(.text)
    __rt_heap_escrow$2region                 0x00000233   Thumb Code     2  heapauxi.o(.text)
    __rt_heap_expand$2region                 0x00000235   Thumb Code     2  heapauxi.o(.text)
    __aeabi_d2uiz                            0x00000239   Thumb Code     0  dfixui.o(.text)
    _dfixu                                   0x00000239   Thumb Code    68  dfixui.o(.text)
    __aeabi_i2d_normalise                    0x00000281   Thumb Code    66  dflti.o(.text)
    __aeabi_i2d                              0x000002c3   Thumb Code    16  dflti.o(.text)
    _dflt                                    0x000002c3   Thumb Code     0  dflti.o(.text)
    __aeabi_ui2d                             0x000002d3   Thumb Code     6  dflti.o(.text)
    _dfltu                                   0x000002d3   Thumb Code     0  dflti.o(.text)
    _printf_char_file                        0x000002d9   Thumb Code    34  _printf_char_file.o(.text)
    _printf_char_common                      0x0000030b   Thumb Code    32  _printf_char_common.o(.text)
    ferror                                   0x00000331   Thumb Code     8  ferror.o(.text)
    __user_setup_stackheap                   0x00000339   Thumb Code    62  sys_stackheap_outer.o(.text)
    exit                                     0x00000377   Thumb Code    16  exit.o(.text)
    __user_libspace                          0x00000389   Thumb Code     8  libspace.o(.text)
    __user_perproc_libspace                  0x00000389   Thumb Code     0  libspace.o(.text)
    __user_perthread_libspace                0x00000389   Thumb Code     0  libspace.o(.text)
    _sys_exit                                0x00000391   Thumb Code     8  sys_exit.o(.text)
    __I$use$semihosting                      0x0000039d   Thumb Code     0  use_no_semi.o(.text)
    __use_no_semihosting_swi                 0x0000039d   Thumb Code     2  use_no_semi.o(.text)
    __semihosting_library_function           0x0000039f   Thumb Code     0  indicate_semi.o(.text)
    Init_PortB                               0x000003a1   Thumb Code    82  motor.o(i.Init_PortB)
    __aeabi_ddiv                             0x00000411   Thumb Code     0  ddiv.o(.text)
    _ddiv                                    0x00000411   Thumb Code  1072  ddiv.o(.text)
    _drdiv                                   0x00000841   Thumb Code    20  ddiv.o(.text)
    Init_OnboardRGB_LEDs                     0x00000859   Thumb Code   154  onboard_leds.o(i.Init_OnboardRGB_LEDs)
    Init_Queue                               0x00000905   Thumb Code    28  queue.o(i.Init_Queue)
    Init_SysTick                             0x00000921   Thumb Code    42  scheduler.o(i.Init_SysTick)
    Init_TPM0                                0x00000955   Thumb Code    96  motor.o(i.Init_TPM0)
    Init_UART0                               0x000009c1   Thumb Code   292  serialcomm.o(i.Init_UART0)
    Send_String                              0x00000b09   Thumb Code    70  serialcomm.o(i.Send_String)
    SysTick_Handler                          0x00000b59   Thumb Code    14  scheduler.o(i.SysTick_Handler)
    SystemInit                               0x00000b69   Thumb Code   266  system_mkl25z4.o(i.SystemInit)
    TPM0_IRQHandler                          0x00000ca1   Thumb Code   110  motor.o(i.TPM0_IRQHandler)
    UART0_IRQHandler                         0x00000d19   Thumb Code   122  serialcomm.o(i.UART0_IRQHandler)
    dequeueChar                              0x00000e91   Thumb Code    76  queue.o(i.dequeueChar)
    enqueueChar                              0x00000edd   Thumb Code    68  queue.o(i.enqueueChar)
    fputc                                    0x00000f21   Thumb Code    32  serialcomm.o(i.fputc)
    isQueueEmpty                             0x00000f45   Thumb Code    16  queue.o(i.isQueueEmpty)
    isQueueFull                              0x00000f55   Thumb Code    20  queue.o(i.isQueueFull)
    main                                     0x00000f69   Thumb Code    50  main.o(i.main)
    queueSize                                0x00000fe1   Thumb Code     6  queue.o(i.queueSize)
    scheduler                                0x00000fe7   Thumb Code   108  scheduler.o(i.scheduler)
    task_CheckForAndProcessSerialChars       0x000010a1   Thumb Code    24  serialcomm.o(i.task_CheckForAndProcessSerialChars)
    task_ControlRGB_LEDs                     0x000010c1   Thumb Code    70  onboard_leds.o(i.task_ControlRGB_LEDs)
    task_StartTransmitter                    0x0000110d   Thumb Code    24  serialcomm.o(i.task_StartTransmitter)
    task_changeDirection                     0x00001129   Thumb Code    28  motor.o(i.task_changeDirection)
    task_pulseStepperMotor                   0x00001149   Thumb Code    28  motor.o(i.task_pulseStepperMotor)
    task_readRecievedChar                    0x00001169   Thumb Code     4  serialcomm.o(i.task_readRecievedChar)
    task_scanForAndProcessIfMotorCommands    0x00001171   Thumb Code   114  motor.o(i.task_scanForAndProcessIfMotorCommands)
    __I$use$fp                               0x000011e8   Number         0  usenofp.o(x$fpl$usenofp)
    Region$$Table$$Base                      0x00001268   Number         0  anon$$obj.o(Region$$Table)
    Region$$Table$$Limit                     0x00001288   Number         0  anon$$obj.o(Region$$Table)
    __stdout                                 0x1ffff00c   Data           4  serialcomm.o(.data)
    __stdin                                  0x1ffff010   Data           4  serialcomm.o(.data)
    transmitQueue                            0x1ffff064   Data         268  serialcomm.o(.bss)
    receiveQueue                             0x1ffff170   Data         268  serialcomm.o(.bss)
    __libspace_start                         0x1ffff27c   Data          96  libspace.o(.bss)
    __temporary_stack_top$libspace           0x1ffff2dc   Data           0  libspace.o(.bss)



==============================================================================

Memory Map of the image

  Image Entry point : 0x000000c1

  Load Region LR_IROM1 (Base: 0x00000000, Size: 0x0000129c, Max: 0x00020000, ABSOLUTE)

    Execution Region ER_IROM1 (Exec base: 0x00000000, Load base: 0x00000000, Size: 0x00001288, Max: 0x00020000, ABSOLUTE)

    Exec Addr    Load Addr    Size         Type   Attr      Idx    E Section Name        Object

    0x00000000   0x00000000   0x000000c0   Data   RO          351    RESET               startup_mkl25z4.o
    0x000000c0   0x000000c0   0x00000008   Code   RO          428  * !!!main             c_p.l(__main.o)
    0x000000c8   0x000000c8   0x0000003c   Code   RO          616    !!!scatter          c_p.l(__scatter.o)
    0x00000104   0x00000104   0x0000001a   Code   RO          618    !!handler_copy      c_p.l(__scatter_copy.o)
    0x0000011e   0x0000011e   0x00000002   PAD
    0x00000120   0x00000120   0x0000001c   Code   RO          620    !!handler_zi        c_p.l(__scatter_zi.o)
    0x0000013c   0x0000013c   0x00000002   Code   RO          421    .ARM.Collect$$_printf_percent$$00000000  c_p.l(_printf_percent.o)
    0x0000013e   0x0000013e   0x00000004   Code   RO          444    .ARM.Collect$$_printf_percent$$00000017  c_p.l(_printf_percent_end.o)
    0x00000142   0x00000142   0x00000002   Code   RO          485    .ARM.Collect$$libinit$$00000000  c_p.l(libinit.o)
    0x00000144   0x00000144   0x00000000   Code   RO          499    .ARM.Collect$$libinit$$00000002  c_p.l(libinit2.o)
    0x00000144   0x00000144   0x00000000   Code   RO          501    .ARM.Collect$$libinit$$00000004  c_p.l(libinit2.o)
    0x00000144   0x00000144   0x00000000   Code   RO          504    .ARM.Collect$$libinit$$0000000A  c_p.l(libinit2.o)
    0x00000144   0x00000144   0x00000000   Code   RO          506    .ARM.Collect$$libinit$$0000000C  c_p.l(libinit2.o)
    0x00000144   0x00000144   0x00000000   Code   RO          508    .ARM.Collect$$libinit$$0000000E  c_p.l(libinit2.o)
    0x00000144   0x00000144   0x00000000   Code   RO          511    .ARM.Collect$$libinit$$00000011  c_p.l(libinit2.o)
    0x00000144   0x00000144   0x00000000   Code   RO          513    .ARM.Collect$$libinit$$00000013  c_p.l(libinit2.o)
    0x00000144   0x00000144   0x00000000   Code   RO          515    .ARM.Collect$$libinit$$00000015  c_p.l(libinit2.o)
    0x00000144   0x00000144   0x00000000   Code   RO          517    .ARM.Collect$$libinit$$00000017  c_p.l(libinit2.o)
    0x00000144   0x00000144   0x00000000   Code   RO          519    .ARM.Collect$$libinit$$00000019  c_p.l(libinit2.o)
    0x00000144   0x00000144   0x00000000   Code   RO          521    .ARM.Collect$$libinit$$0000001B  c_p.l(libinit2.o)
    0x00000144   0x00000144   0x00000000   Code   RO          523    .ARM.Collect$$libinit$$0000001D  c_p.l(libinit2.o)
    0x00000144   0x00000144   0x00000000   Code   RO          525    .ARM.Collect$$libinit$$0000001F  c_p.l(libinit2.o)
    0x00000144   0x00000144   0x00000000   Code   RO          527    .ARM.Collect$$libinit$$00000021  c_p.l(libinit2.o)
    0x00000144   0x00000144   0x00000000   Code   RO          529    .ARM.Collect$$libinit$$00000023  c_p.l(libinit2.o)
    0x00000144   0x00000144   0x00000000   Code   RO          531    .ARM.Collect$$libinit$$00000025  c_p.l(libinit2.o)
    0x00000144   0x00000144   0x00000000   Code   RO          535    .ARM.Collect$$libinit$$0000002C  c_p.l(libinit2.o)
    0x00000144   0x00000144   0x00000000   Code   RO          537    .ARM.Collect$$libinit$$0000002E  c_p.l(libinit2.o)
    0x00000144   0x00000144   0x00000000   Code   RO          539    .ARM.Collect$$libinit$$00000030  c_p.l(libinit2.o)
    0x00000144   0x00000144   0x00000000   Code   RO          541    .ARM.Collect$$libinit$$00000032  c_p.l(libinit2.o)
    0x00000144   0x00000144   0x00000002   Code   RO          542    .ARM.Collect$$libinit$$00000033  c_p.l(libinit2.o)
    0x00000146   0x00000146   0x00000002   Code   RO          573    .ARM.Collect$$libshutdown$$00000000  c_p.l(libshutdown.o)
    0x00000148   0x00000148   0x00000000   Code   RO          599    .ARM.Collect$$libshutdown$$00000002  c_p.l(libshutdown2.o)
    0x00000148   0x00000148   0x00000000   Code   RO          601    .ARM.Collect$$libshutdown$$00000004  c_p.l(libshutdown2.o)
    0x00000148   0x00000148   0x00000000   Code   RO          604    .ARM.Collect$$libshutdown$$00000007  c_p.l(libshutdown2.o)
    0x00000148   0x00000148   0x00000000   Code   RO          607    .ARM.Collect$$libshutdown$$0000000A  c_p.l(libshutdown2.o)
    0x00000148   0x00000148   0x00000000   Code   RO          609    .ARM.Collect$$libshutdown$$0000000C  c_p.l(libshutdown2.o)
    0x00000148   0x00000148   0x00000000   Code   RO          612    .ARM.Collect$$libshutdown$$0000000F  c_p.l(libshutdown2.o)
    0x00000148   0x00000148   0x00000002   Code   RO          613    .ARM.Collect$$libshutdown$$00000010  c_p.l(libshutdown2.o)
    0x0000014a   0x0000014a   0x00000000   Code   RO          437    .ARM.Collect$$rtentry$$00000000  c_p.l(__rtentry.o)
    0x0000014a   0x0000014a   0x00000000   Code   RO          447    .ARM.Collect$$rtentry$$00000002  c_p.l(__rtentry2.o)
    0x0000014a   0x0000014a   0x00000006   Code   RO          459    .ARM.Collect$$rtentry$$00000004  c_p.l(__rtentry4.o)
    0x00000150   0x00000150   0x00000000   Code   RO          449    .ARM.Collect$$rtentry$$00000009  c_p.l(__rtentry2.o)
    0x00000150   0x00000150   0x00000004   Code   RO          450    .ARM.Collect$$rtentry$$0000000A  c_p.l(__rtentry2.o)
    0x00000154   0x00000154   0x00000000   Code   RO          452    .ARM.Collect$$rtentry$$0000000C  c_p.l(__rtentry2.o)
    0x00000154   0x00000154   0x00000008   Code   RO          453    .ARM.Collect$$rtentry$$0000000D  c_p.l(__rtentry2.o)
    0x0000015c   0x0000015c   0x00000002   Code   RO          490    .ARM.Collect$$rtexit$$00000000  c_p.l(rtexit.o)
    0x0000015e   0x0000015e   0x00000000   Code   RO          546    .ARM.Collect$$rtexit$$00000002  c_p.l(rtexit2.o)
    0x0000015e   0x0000015e   0x00000004   Code   RO          547    .ARM.Collect$$rtexit$$00000003  c_p.l(rtexit2.o)
    0x00000162   0x00000162   0x00000006   Code   RO          548    .ARM.Collect$$rtexit$$00000004  c_p.l(rtexit2.o)
    0x00000168   0x00000168   0x00000040   Code   RO          353    .text               startup_mkl25z4.o
    0x000001a8   0x000001a8   0x0000001c   Code   RO          397    .text               c_p.l(noretval__2printf.o)
    0x000001c4   0x000001c4   0x0000006c   Code   RO          399    .text               c_p.l(__printf.o)
    0x00000230   0x00000230   0x00000006   Code   RO          426    .text               c_p.l(heapauxi.o)
    0x00000236   0x00000236   0x00000002   PAD
    0x00000238   0x00000238   0x00000048   Code   RO          433    .text               fz_ps.l(dfixui.o)
    0x00000280   0x00000280   0x00000058   Code   RO          435    .text               fz_ps.l(dflti.o)
    0x000002d8   0x000002d8   0x00000028   Code   RO          442    .text               c_p.l(_printf_char_file.o)
    0x00000300   0x00000300   0x00000030   Code   RO          463    .text               c_p.l(_printf_char_common.o)
    0x00000330   0x00000330   0x00000008   Code   RO          465    .text               c_p.l(ferror.o)
    0x00000338   0x00000338   0x0000003e   Code   RO          469    .text               c_p.l(sys_stackheap_outer.o)
    0x00000376   0x00000376   0x00000010   Code   RO          474    .text               c_p.l(exit.o)
    0x00000386   0x00000386   0x00000002   PAD
    0x00000388   0x00000388   0x00000008   Code   RO          486    .text               c_p.l(libspace.o)
    0x00000390   0x00000390   0x0000000c   Code   RO          543    .text               c_p.l(sys_exit.o)
    0x0000039c   0x0000039c   0x00000002   Code   RO          562    .text               c_p.l(use_no_semi.o)
    0x0000039e   0x0000039e   0x00000000   Code   RO          564    .text               c_p.l(indicate_semi.o)
    0x0000039e   0x0000039e   0x00000002   PAD
    0x000003a0   0x000003a0   0x00000060   Code   RO          193    i.Init_PortB        motor.o
    0x00000400   0x00000400   0x00000010   Code   RO          352    .ARM.__at_0x400     startup_mkl25z4.o
    0x00000410   0x00000410   0x00000448   Code   RO          430    .text               fz_ps.l(ddiv.o)
    0x00000858   0x00000858   0x000000ac   Code   RO          124    i.Init_OnboardRGB_LEDs  onboard_leds.o
    0x00000904   0x00000904   0x0000001c   Code   RO           71    i.Init_Queue        queue.o
    0x00000920   0x00000920   0x00000034   Code   RO          150    i.Init_SysTick      scheduler.o
    0x00000954   0x00000954   0x0000006c   Code   RO          194    i.Init_TPM0         motor.o
    0x000009c0   0x000009c0   0x00000148   Code   RO          262    i.Init_UART0        serialcomm.o
    0x00000b08   0x00000b08   0x00000050   Code   RO          264    i.Send_String       serialcomm.o
    0x00000b58   0x00000b58   0x0000000e   Code   RO          151    i.SysTick_Handler   scheduler.o
    0x00000b66   0x00000b66   0x00000002   PAD
    0x00000b68   0x00000b68   0x00000138   Code   RO          362    i.SystemInit        system_mkl25z4.o
    0x00000ca0   0x00000ca0   0x00000078   Code   RO          195    i.TPM0_IRQHandler   motor.o
    0x00000d18   0x00000d18   0x00000088   Code   RO          265    i.UART0_IRQHandler  serialcomm.o
    0x00000da0   0x00000da0   0x00000078   Code   RO          152    i.__NVIC_SetPriority  scheduler.o
    0x00000e18   0x00000e18   0x00000078   Code   RO          266    i.__NVIC_SetPriority  serialcomm.o
    0x00000e90   0x00000e90   0x0000004c   Code   RO           72    i.dequeueChar       queue.o
    0x00000edc   0x00000edc   0x00000044   Code   RO           73    i.enqueueChar       queue.o
    0x00000f20   0x00000f20   0x00000024   Code   RO          268    i.fputc             serialcomm.o
    0x00000f44   0x00000f44   0x00000010   Code   RO           74    i.isQueueEmpty      queue.o
    0x00000f54   0x00000f54   0x00000014   Code   RO           75    i.isQueueFull       queue.o
    0x00000f68   0x00000f68   0x00000078   Code   RO            3    i.main              main.o
    0x00000fe0   0x00000fe0   0x00000006   Code   RO           76    i.queueSize         queue.o
    0x00000fe6   0x00000fe6   0x0000006c   Code   RO          153    i.scheduler         scheduler.o
    0x00001052   0x00001052   0x00000002   PAD
    0x00001054   0x00001054   0x0000002c   Code   RO          196    i.startTPM0Counter  motor.o
    0x00001080   0x00001080   0x00000020   Code   RO          197    i.stopTPM0Counter   motor.o
    0x000010a0   0x000010a0   0x00000020   Code   RO          269    i.task_CheckForAndProcessSerialChars  serialcomm.o
    0x000010c0   0x000010c0   0x0000004c   Code   RO          125    i.task_ControlRGB_LEDs  onboard_leds.o
    0x0000110c   0x0000110c   0x0000001c   Code   RO          270    i.task_StartTransmitter  serialcomm.o
    0x00001128   0x00001128   0x00000020   Code   RO          198    i.task_changeDirection  motor.o
    0x00001148   0x00001148   0x00000020   Code   RO          200    i.task_pulseStepperMotor  motor.o
    0x00001168   0x00001168   0x00000008   Code   RO          271    i.task_readRecievedChar  serialcomm.o
    0x00001170   0x00001170   0x00000078   Code   RO          201    i.task_scanForAndProcessIfMotorCommands  motor.o
    0x000011e8   0x000011e8   0x00000000   Code   RO          445    x$fpl$usenofp       fz_ps.l(usenofp.o)
    0x000011e8   0x000011e8   0x00000080   Data   RO          431    .constdata          fz_ps.l(ddiv.o)
    0x00001268   0x00001268   0x00000020   Data   RO          614    Region$$Table       anon$$obj.o


    Execution Region RW_IRAM1 (Exec base: 0x1ffff000, Load base: 0x00001288, Size: 0x000006e0, Max: 0x00004000, ABSOLUTE)

    Exec Addr    Load Addr    Size         Type   Attr      Idx    E Section Name        Object

    0x1ffff000   0x00001288   0x00000004   Data   RW          202    .data               motor.o
    0x1ffff004   0x0000128c   0x00000010   Data   RW          273    .data               serialcomm.o
    0x1ffff014        -       0x00000268   Zero   RW          272    .bss                serialcomm.o
    0x1ffff27c        -       0x00000060   Zero   RW          487    .bss                c_p.l(libspace.o)
    0x1ffff2dc   0x0000129c   0x00000004   PAD
    0x1ffff2e0        -       0x00000000   Zero   RW          350    HEAP                startup_mkl25z4.o
    0x1ffff2e0        -       0x00000400   Zero   RW          349    STACK               startup_mkl25z4.o


==============================================================================

Image component sizes


      Code (inc. data)   RO Data    RW Data    ZI Data      Debug   Object Name

       120         70          0          0          0     217648   main.o
       584         60          0          4          0       4203   motor.o
       248         24          0          0          0       1058   onboard_leds.o
       214          0          0          0          0       6562   queue.o
       294         20          0          0          0       9821   scheduler.o
       768         90          0         16        616      14180   serialcomm.o
        80         44        192          0       1024        892   startup_mkl25z4.o
       312         46          0          0          0        581   system_mkl25z4.o

    ----------------------------------------------------------------------
      2624        354        224         20       1640     254945   Object Totals
         0          0         32          0          0          0   (incl. Generated)
         4          0          0          0          0          0   (incl. Padding)

    ----------------------------------------------------------------------

      Code (inc. data)   RO Data    RW Data    ZI Data      Debug   Library Member Name

         8          0          0          0          0         68   __main.o
       108          0          0          0          0         76   __printf.o
         0          0          0          0          0          0   __rtentry.o
        12          0          0          0          0          0   __rtentry2.o
         6          0          0          0          0          0   __rtentry4.o
        60          8          0          0          0          0   __scatter.o
        26          0          0          0          0          0   __scatter_copy.o
        28          0          0          0          0          0   __scatter_zi.o
        48          6          0          0          0         88   _printf_char_common.o
        40          6          0          0          0         72   _printf_char_file.o
         2          0          0          0          0          0   _printf_percent.o
         4          0          0          0          0          0   _printf_percent_end.o
        16          0          0          0          0         68   exit.o
         8          0          0          0          0         60   ferror.o
         6          0          0          0          0        136   heapauxi.o
         0          0          0          0          0          0   indicate_semi.o
         2          0          0          0          0          0   libinit.o
         2          0          0          0          0          0   libinit2.o
         2          0          0          0          0          0   libshutdown.o
         2          0          0          0          0          0   libshutdown2.o
         8          4          0          0         96         68   libspace.o
        28          6          0          0          0         84   noretval__2printf.o
         2          0          0          0          0          0   rtexit.o
        10          0          0          0          0          0   rtexit2.o
        12          4          0          0          0         60   sys_exit.o
        62          0          0          0          0         80   sys_stackheap_outer.o
         2          0          0          0          0         68   use_no_semi.o
      1096         26        128          0          0        112   ddiv.o
        72          4          0          0          0         68   dfixui.o
        88          0          0          0          0         92   dflti.o
         0          0          0          0          0          0   usenofp.o

    ----------------------------------------------------------------------
      1768         64        128          0        100       1200   Library Totals
         8          0          0          0          4          0   (incl. Padding)

    ----------------------------------------------------------------------

      Code (inc. data)   RO Data    RW Data    ZI Data      Debug   Library Name

       504         34          0          0         96        928   c_p.l
      1256         30        128          0          0        272   fz_ps.l

    ----------------------------------------------------------------------
      1768         64        128          0        100       1200   Library Totals

    ----------------------------------------------------------------------

==============================================================================


      Code (inc. data)   RO Data    RW Data    ZI Data      Debug   

      4392        418        352         20       1740     254513   Grand Totals
      4392        418        352         20       1740     254513   ELF Image Totals
      4392        418        352         20          0          0   ROM Totals

==============================================================================

    Total RO  Size (Code + RO Data)                 4744 (   4.63kB)
    Total RW  Size (RW Data + ZI Data)              1760 (   1.72kB)
    Total ROM Size (Code + RO Data + RW Data)       4764 (   4.65kB)

==============================================================================

