Component: ARM Compiler 5.06 update 6 (build 750) Tool: armlink [4d35ed]

==============================================================================

Section Cross References

    main.o(i.SysTick_Handler) refers to _printf_percent.o(.ARM.Collect$$_printf_percent$$00000000) for _printf_percent
    main.o(i.SysTick_Handler) refers to _printf_d.o(.ARM.Collect$$_printf_percent$$00000009) for _printf_d
    main.o(i.SysTick_Handler) refers to _printf_dec.o(.text) for _printf_int_dec
    main.o(i.SysTick_Handler) refers to onboardleds.o(i.onboardLEDToggle) for onboardLEDToggle
    main.o(i.SysTick_Handler) refers to noretval__2printf.o(.text) for __2printf
    main.o(i.SysTick_Handler) refers to main.o(.data) for ledState
    main.o(i.TPM0_IRQHandler) refers to timer.o(i.stopTPMCounter) for stopTPMCounter
    main.o(i.TPM0_IRQHandler) refers to port.o(i.setHighPin) for setHighPin
    main.o(i.TPM1_IRQHandler) refers to timer.o(i.stopTPMCounter) for stopTPMCounter
    main.o(i.TPM1_IRQHandler) refers to port.o(i.setHighPin) for setHighPin
    main.o(i.cycler) refers to serialcomm.o(i.serialcomm_CheckForAndProcessSerialChars) for serialcomm_CheckForAndProcessSerialChars
    main.o(i.cycler) refers to serialcomm.o(i.serialcomm_readReceivedChar) for serialcomm_readReceivedChar
    main.o(i.cycler) refers to motor.o(i.executeMotorProcesses) for executeMotorProcesses
    main.o(i.cycler) refers to onboardleds.o(i.executeLightingProccesses) for executeLightingProccesses
    main.o(i.cycler) refers to serialcomm.o(i.serialcomm_clearReceivedChar) for serialcomm_clearReceivedChar
    main.o(i.cycler) refers to serialcomm.o(i.serialcomm_StartTransmitter) for serialcomm_StartTransmitter
    main.o(i.main) refers to systick.o(i.Init_SysTick) for Init_SysTick
    main.o(i.main) refers to serialcomm.o(i.Init_UART0) for Init_UART0
    main.o(i.main) refers to port.o(i.Init_PortA) for Init_PortA
    main.o(i.main) refers to port.o(i.Init_PortB) for Init_PortB
    main.o(i.main) refers to port.o(i.Init_PortC) for Init_PortC
    main.o(i.main) refers to port.o(i.Init_PortD) for Init_PortD
    main.o(i.main) refers to port.o(i.Init_PortE) for Init_PortE
    main.o(i.main) refers to timer.o(i.Init_TPM0) for Init_TPM0
    main.o(i.main) refers to timer.o(i.Init_TPM1) for Init_TPM1
    main.o(i.main) refers to serialcomm.o(i.Send_String) for Send_String
    main.o(i.main) refers to main.o(i.cycler) for cycler
    motor.o(i.executeMotorProcesses) refers to motor.o(i.setDirectionCWPan) for setDirectionCWPan
    motor.o(i.executeMotorProcesses) refers to motor.o(i.pulseStepperMotorPan) for pulseStepperMotorPan
    motor.o(i.executeMotorProcesses) refers to motor.o(i.setDirectionCCWPan) for setDirectionCCWPan
    motor.o(i.executeMotorProcesses) refers to motor.o(i.setDirectionCWTilt) for setDirectionCWTilt
    motor.o(i.executeMotorProcesses) refers to motor.o(i.pulseStepperMotorTilt) for pulseStepperMotorTilt
    motor.o(i.executeMotorProcesses) refers to motor.o(i.setDirectionCCWTilt) for setDirectionCCWTilt
    motor.o(i.pulseStepperMotorPan) refers to port.o(i.setLowPin) for setLowPin
    motor.o(i.pulseStepperMotorPan) refers to timer.o(i.startTPMCounter) for startTPMCounter
    motor.o(i.pulseStepperMotorTilt) refers to port.o(i.setLowPin) for setLowPin
    motor.o(i.pulseStepperMotorTilt) refers to timer.o(i.startTPMCounter) for startTPMCounter
    motor.o(i.setDirectionCCWPan) refers to port.o(i.setLowPin) for setLowPin
    motor.o(i.setDirectionCCWTilt) refers to port.o(i.setLowPin) for setLowPin
    motor.o(i.setDirectionCWPan) refers to port.o(i.setHighPin) for setHighPin
    motor.o(i.setDirectionCWTilt) refers to port.o(i.setHighPin) for setHighPin
    motor.o(i.switchDirection) refers to port.o(i.togglePin) for togglePin
    timer.o(i.Init_TPM0) refers to timer.o(i.configAllChannels) for configAllChannels
    timer.o(i.Init_TPM0) refers to timer.o(i.__NVIC_SetPriority) for __NVIC_SetPriority
    timer.o(i.Init_TPM0) refers to timer.o(i.__NVIC_EnableIRQ) for __NVIC_EnableIRQ
    timer.o(i.Init_TPM0) refers to timer.o(i.startTPMCounter) for startTPMCounter
    timer.o(i.Init_TPM1) refers to timer.o(i.configAllChannels) for configAllChannels
    timer.o(i.Init_TPM1) refers to timer.o(i.__NVIC_SetPriority) for __NVIC_SetPriority
    timer.o(i.Init_TPM1) refers to timer.o(i.__NVIC_EnableIRQ) for __NVIC_EnableIRQ
    timer.o(i.Init_TPM1) refers to timer.o(i.startTPMCounter) for startTPMCounter
    timer.o(i.clearAllChannelFlags) refers to timer.o(i.clearChannelFlag) for clearChannelFlag
    timer.o(i.clearAllTimerFlags) refers to timer.o(i.clearAllChannelFlags) for clearAllChannelFlags
    timer.o(i.configAllChannels) refers to timer.o(i.configChannel) for configChannel
    timer.o(i.configChannel) refers to timer.o(.data) for channelDutyCycleCounterValue
    timer.o(i.enableChannel) refers to timer.o(.data) for channelDutyCycleCounterValue
    timer.o(i.startTPMCounter) refers to log2.o(i.log2) for log2
[...]
    __rtentry2.o(.ARM.Collect$$rtentry$$0000000D) refers to main.o(i.main) for main
    __rtentry2.o(.ARM.Collect$$rtentry$$0000000D) refers to exit.o(.text) for exit
    __rtentry2.o(.ARM.exidx) refers to __rtentry2.o(.ARM.Collect$$rtentry$$00000001) for .ARM.Collect$$rtentry$$00000001
    __rtentry2.o(.ARM.exidx) refers to __rtentry2.o(.ARM.Collect$$rtentry$$00000008) for .ARM.Collect$$rtentry$$00000008
    __rtentry2.o(.ARM.exidx) refers to __rtentry2.o(.ARM.Collect$$rtentry$$0000000A) for .ARM.Collect$$rtentry$$0000000A
    __rtentry2.o(.ARM.exidx) refers to __rtentry2.o(.ARM.Collect$$rtentry$$0000000B) for .ARM.Collect$$rtentry$$0000000B
    __rtentry2.o(.ARM.exidx) refers to __rtentry2.o(.ARM.Collect$$rtentry$$0000000D) for .ARM.Collect$$rtentry$$0000000D
    __rtentry4.o(.ARM.Collect$$rtentry$$00000004) refers to sys_stackheap_outer.o(.text) for __user_setup_stackheap
    __rtentry4.o(.ARM.exidx) refers to __rtentry4.o(.ARM.Collect$$rtentry$$00000004) for .ARM.Collect$$rtentry$$00000004
    rt_div0.o(.text) refers to defsig_fpe_outer.o(.text) for __rt_SIGFPE
    rt_errno_addr.o(.text) refers to rt_errno_addr.o(.bss) for __aeabi_errno_addr_data
    rt_errno_addr_intlibspace.o(.text) refers to libspace.o(.bss) for __libspace_start
    _printf_char_common.o(.text) refers to __printf.o(.text) for __printf
    dcmpin.o(.text) refers (Special) to usenofp.o(x$fpl$usenofp) for __I$use$fp
    dcmpin.o(.text) refers to cmpret.o(.text) for __fpl_cmpreturn
    dcmpin.o(.text) refers to dnan2.o(.text) for __fpl_dcheck_NaN2
    dmul.o(.text) refers (Special) to usenofp.o(x$fpl$usenofp) for __I$use$fp
    poly.o(i.__kernel_poly) refers (Special) to usenofp.o(x$fpl$usenofp) for __I$use$fp
    poly.o(i.__kernel_poly) refers to dmul.o(.text) for __aeabi_dmul
    poly.o(i.__kernel_poly) refers to daddsub.o(.text) for __aeabi_dadd
    qnan.o(.constdata) refers (Special) to usenofp.o(x$fpl$usenofp) for __I$use$fp
    libspace.o(.text) refers to libspace.o(.bss) for __libspace_start
    sys_stackheap_outer.o(.text) refers to libspace.o(.text) for __user_perproc_libspace
    sys_stackheap_outer.o(.text) refers to startup_mkl25z4.o(.text) for __user_initial_stackheap
    sys_stackheap_outer.o(__vectab_stack_and_reset_area) refers to tempstk.o(.text) for __temporary_stack_top
    sys_stackheap_outer.o(__vectab_stack_and_reset_area) refers to __main.o(!!!main) for __main
    exit.o(.text) refers to rtexit.o(.ARM.Collect$$rtexit$$00000000) for __rt_exit
    defsig_fpe_outer.o(.text) refers to defsig_fpe_inner.o(.text) for __rt_SIGFPE_inner
    defsig_fpe_outer.o(.text) refers to defsig_exit.o(.text) for __sig_exit
    defsig_fpe_formal.o(.text) refers to rt_raise.o(.text) for __rt_raise
    libinit.o(.ARM.Collect$$libinit$$00000000) refers (Special) to libinit2.o(.ARM.Collect$$libinit$$0000002E) for __rt_lib_init_alloca_1
    libinit.o(.ARM.Collect$$libinit$$00000000) refers (Special) to libinit2.o(.ARM.Collect$$libinit$$0000002C) for __rt_lib_init_argv_1
    libinit.o(.ARM.Collect$$libinit$$00000000) refers (Special) to libinit2.o(.ARM.Collect$$libinit$$0000001B) for __rt_lib_init_atexit_1
    libinit.o(.ARM.Collect$$libinit$$00000000) refers (Special) to libinit2.o(.ARM.Collect$$libinit$$00000021) for __rt_lib_init_clock_1
    libinit.o(.ARM.Collect$$libinit$$00000000) refers (Special) to libinit2.o(.ARM.Collect$$libinit$$00000032) for __rt_lib_init_cpp_1
    libinit.o(.ARM.Collect$$libinit$$00000000) refers (Special) to libinit2.o(.ARM.Collect$$libinit$$00000030) for __rt_lib_init_exceptions_1
    libinit.o(.ARM.Collect$$libinit$$00000000) refers (Special) to libinit2.o(.ARM.Collect$$libinit$$00000002) for __rt_lib_init_fp_1
    libinit.o(.ARM.Collect$$libinit$$00000000) refers (Special) to libinit2.o(.ARM.Collect$$libinit$$0000001F) for __rt_lib_init_fp_trap_1
    libinit.o(.ARM.Collect$$libinit$$00000000) refers (Special) to libinit2.o(.ARM.Collect$$libinit$$00000023) for __rt_lib_init_getenv_1
    libinit.o(.ARM.Collect$$libinit$$00000000) refers (Special) to libinit2.o(.ARM.Collect$$libinit$$0000000A) for __rt_lib_init_heap_1
    libinit.o(.ARM.Collect$$libinit$$00000000) refers (Special) to libinit2.o(.ARM.Collect$$libinit$$00000011) for __rt_lib_init_lc_collate_1
    libinit.o(.ARM.Collect$$libinit$$00000000) refers (Special) to libinit2.o(.ARM.Collect$$libinit$$00000013) for __rt_lib_init_lc_ctype_1
    libinit.o(.ARM.Collect$$libinit$$00000000) refers (Special) to libinit2.o(.ARM.Collect$$libinit$$00000015) for __rt_lib_init_lc_monetary_1
    libinit.o(.ARM.Collect$$libinit$$00000000) refers (Special) to libinit2.o(.ARM.Collect$$libinit$$00000017) for __rt_lib_init_lc_numeric_1
    libinit.o(.ARM.Collect$$libinit$$00000000) refers (Special) to libinit2.o(.ARM.Collect$$libinit$$00000019) for __rt_lib_init_lc_time_1
    libinit.o(.ARM.Collect$$libinit$$00000000) refers (Special) to libinit2.o(.ARM.Collect$$libinit$$00000004) for __rt_lib_init_preinit_1
    libinit.o(.ARM.Collect$$libinit$$00000000) refers (Special) to libinit2.o(.ARM.Collect$$libinit$$0000000E) for __rt_lib_init_rand_1
    libinit.o(.ARM.Collect$$libinit$$00000000) refers (Special) to libinit2.o(.ARM.Collect$$libinit$$00000033) for __rt_lib_init_return
    libinit.o(.ARM.Collect$$libinit$$00000000) refers (Special) to libinit2.o(.ARM.Collect$$libinit$$0000001D) for __rt_lib_init_signal_1
    libinit.o(.ARM.Collect$$libinit$$00000000) refers (Special) to libinit2.o(.ARM.Collect$$libinit$$00000025) for __rt_lib_init_stdio_1
    libinit.o(.ARM.Collect$$libinit$$00000000) refers (Special) to libinit2.o(.ARM.Collect$$libinit$$0000000C) for __rt_lib_init_user_alloc_1
    cmpret.o(.text) refers (Special) to usenofp.o(x$fpl$usenofp) for __I$use$fp
    dnan2.o(.text) refers (Special) to usenofp.o(x$fpl$usenofp) for __I$use$fp
    dnan2.o(.text) refers to retnan.o(.text) for __fpl_return_NaN
    rtexit.o(.ARM.Collect$$rtexit$$00000000) refers (Special) to rtexit2.o(.ARM.Collect$$rtexit$$00000004) for __rt_exit_exit
    rtexit.o(.ARM.Collect$$rtexit$$00000000) refers (Special) to rtexit2.o(.ARM.Collect$$rtexit$$00000003) for __rt_exit_ls
    rtexit.o(.ARM.Collect$$rtexit$$00000000) refers (Special) to rtexit2.o(.ARM.Collect$$rtexit$$00000002) for __rt_exit_prels_1
    rtexit.o(.ARM.exidx) refers (Special) to rtexit2.o(.ARM.Collect$$rtexit$$00000004) for __rt_exit_exit
    rtexit.o(.ARM.exidx) refers (Special) to rtexit2.o(.ARM.Collect$$rtexit$$00000003) for __rt_exit_ls
    rtexit.o(.ARM.exidx) refers (Special) to rtexit2.o(.ARM.Collect$$rtexit$$00000002) for __rt_exit_prels_1
    rtexit.o(.ARM.exidx) refers to rtexit.o(.ARM.Collect$$rtexit$$00000000) for .ARM.Collect$$rtexit$$00000000
    rt_raise.o(.text) refers to __raise.o(.text) for __raise
    rt_raise.o(.text) refers to sys_exit.o(.text) for _sys_exit
    defsig_exit.o(.text) refers to sys_exit.o(.text) for _sys_exit
    defsig_fpe_inner.o(.text) refers to defsig_general.o(.text) for __default_signal_display
    libinit2.o(.ARM.Collect$$libinit$$00000010) refers to libinit2.o(.ARM.Collect$$libinit$$0000000F) for .ARM.Collect$$libinit$$0000000F
    libinit2.o(.ARM.Collect$$libinit$$00000012) refers to libinit2.o(.ARM.Collect$$libinit$$0000000F) for .ARM.Collect$$libinit$$0000000F
    libinit2.o(.ARM.Collect$$libinit$$00000014) refers to libinit2.o(.ARM.Collect$$libinit$$0000000F) for .ARM.Collect$$libinit$$0000000F
    libinit2.o(.ARM.Collect$$libinit$$00000016) refers to libinit2.o(.ARM.Collect$$libinit$$0000000F) for .ARM.Collect$$libinit$$0000000F
    libinit2.o(.ARM.Collect$$libinit$$00000018) refers to libinit2.o(.ARM.Collect$$libinit$$0000000F) for .ARM.Collect$$libinit$$0000000F
    libinit2.o(.ARM.Collect$$libinit$$00000026) refers to argv_veneer.o(.text) for __ARM_argv_veneer
    libinit2.o(.ARM.Collect$$libinit$$00000027) refers to argv_veneer.o(.text) for __ARM_argv_veneer
    retnan.o(.text) refers (Special) to usenofp.o(x$fpl$usenofp) for __I$use$fp
    retnan.o(.text) refers to cmpret.o(.text) for __fpl_cmpreturn
    sys_exit.o(.text) refers (Special) to use_no_semi.o(.text) for __I$use$semihosting
    sys_exit.o(.text) refers (Special) to indicate_semi.o(.text) for __semihosting_library_function
    rtexit2.o(.ARM.Collect$$rtexit$$00000003) refers to libshutdown.o(.ARM.Collect$$libshutdown$$00000000) for __rt_lib_shutdown
    rtexit2.o(.ARM.Collect$$rtexit$$00000004) refers to sys_exit.o(.text) for _sys_exit
    rtexit2.o(.ARM.exidx) refers to rtexit2.o(.ARM.Collect$$rtexit$$00000001) for .ARM.Collect$$rtexit$$00000001
    rtexit2.o(.ARM.exidx) refers to rtexit2.o(.ARM.Collect$$rtexit$$00000003) for .ARM.Collect$$rtexit$$00000003
    rtexit2.o(.ARM.exidx) refers to rtexit2.o(.ARM.Collect$$rtexit$$00000004) for .ARM.Collect$$rtexit$$00000004
    __raise.o(.text) refers to defsig.o(CL$$defsig) for __default_signal_handler
    defsig_general.o(.text) refers to sys_wrch.o(.text) for _ttywrch
    sys_wrch.o(.text) refers (Special) to use_no_semi.o(.text) for __I$use$semihosting
    sys_wrch.o(.text) refers (Special) to indicate_semi.o(.text) for __semihosting_library_function
    defsig.o(CL$$defsig) refers to defsig_fpe_inner.o(.text) for __rt_SIGFPE_inner
    defsig.o(CL$$defsig) refers to defsig_rtmem_inner.o(.text) for __rt_SIGRTMEM_inner
    _get_argv_nomalloc.o(.text) refers (Special) to hrguard.o(.text) for __heap_region$guard
    _get_argv_nomalloc.o(.text) refers to defsig_rtmem_outer.o(.text) for __rt_SIGRTMEM
    _get_argv_nomalloc.o(.text) refers to sys_command.o(.text) for _sys_command_string
    libshutdown.o(.ARM.Collect$$libshutdown$$00000000) refers (Special) to libshutdown2.o(.ARM.Collect$$libshutdown$$00000002) for __rt_lib_shutdown_cpp_1
    libshutdown.o(.ARM.Collect$$libshutdown$$00000000) refers (Special) to libshutdown2.o(.ARM.Collect$$libshutdown$$00000007) for __rt_lib_shutdown_fp_trap_1
    libshutdown.o(.ARM.Collect$$libshutdown$$00000000) refers (Special) to libshutdown2.o(.ARM.Collect$$libshutdown$$0000000F) for __rt_lib_shutdown_heap_1
    libshutdown.o(.ARM.Collect$$libshutdown$$00000000) refers (Special) to libshutdown2.o(.ARM.Collect$$libshutdown$$00000010) for __rt_lib_shutdown_return
    libshutdown.o(.ARM.Collect$$libshutdown$$00000000) refers (Special) to libshutdown2.o(.ARM.Collect$$libshutdown$$0000000A) for __rt_lib_shutdown_signal_1
    libshutdown.o(.ARM.Collect$$libshutdown$$00000000) refers (Special) to libshutdown2.o(.ARM.Collect$$libshutdown$$00000004) for __rt_lib_shutdown_stdio_1
    libshutdown.o(.ARM.Collect$$libshutdown$$00000000) refers (Special) to libshutdown2.o(.ARM.Collect$$libshutdown$$0000000C) for __rt_lib_shutdown_user_alloc_1
    sys_command.o(.text) refers (Special) to use_no_semi.o(.text) for __I$use$semihosting
    sys_command.o(.text) refers (Special) to indicate_semi.o(.text) for __semihosting_library_function
    defsig_abrt_inner.o(.text) refers to defsig_general.o(.text) for __default_signal_display
    defsig_rtred_inner.o(.text) refers to defsig_general.o(.text) for __default_signal_display
    defsig_rtmem_inner.o(.text) refers to defsig_general.o(.text) for __default_signal_display
    defsig_rtmem_outer.o(.text) refers to defsig_rtmem_inner.o(.text) for __rt_SIGRTMEM_inner
    defsig_rtmem_outer.o(.text) refers to defsig_exit.o(.text) for __sig_exit
    defsig_rtmem_formal.o(.text) refers to rt_raise.o(.text) for __rt_raise
    defsig_stak_inner.o(.text) refers to defsig_general.o(.text) for __default_signal_display
    defsig_pvfn_inner.o(.text) refers to defsig_general.o(.text) for __default_signal_display
    defsig_cppl_inner.o(.text) refers to defsig_general.o(.text) for __default_signal_display
    defsig_segv_inner.o(.text) refers to defsig_general.o(.text) for __default_signal_display
    defsig_other.o(.text) refers to defsig_general.o(.text) for __default_signal_display


==============================================================================

Removing Unused input sections from the image.

    Removing main.o(.rev16_text), (4 bytes).
    Removing main.o(.revsh_text), (4 bytes).
    Removing motor.o(.rev16_text), (4 bytes).
    Removing motor.o(.revsh_text), (4 bytes).
    Removing motor.o(i.switchDirection), (16 bytes).
    Removing motor.o(.data), (2 bytes).
    Removing timer.o(.rev16_text), (4 bytes).
    Removing timer.o(.revsh_text), (4 bytes).
    Removing timer.o(i.clearAllChannelFlags), (22 bytes).
    Removing timer.o(i.clearAllTimerFlags), (20 bytes).
    Removing timer.o(i.clearChannelFlag), (24 bytes).
    Removing timer.o(i.disableChannel), (24 bytes).
    Removing timer.o(i.enableChannel), (32 bytes).
    Removing timer.o(i.isFlaggedChannel), (16 bytes).
    Removing timer.o(i.isFlaggedTimer), (10 bytes).
    Removing queue.o(.rev16_text), (4 bytes).
    Removing queue.o(.revsh_text), (4 bytes).
    Removing serialcomm.o(.rev16_text), (4 bytes).
    Removing serialcomm.o(.revsh_text), (4 bytes).
    Removing serialcomm.o(i.Get_Rx_Char), (16 bytes).
    Removing serialcomm.o(i.Rx_Chars_Available), (16 bytes).
    Removing serialcomm.o(i.fgetc), (28 bytes).
    Removing onboardleds.o(.rev16_text), (4 bytes).
    Removing onboardleds.o(.revsh_text), (4 bytes).
    Removing onboardleds.o(i.onboardLEDAutoToggle), (52 bytes).
    Removing port.o(.rev16_text), (4 bytes).
    Removing port.o(.revsh_text), (4 bytes).
    Removing port.o(i.togglePin), (12 bytes).
    Removing systick.o(.rev16_text), (4 bytes).
    Removing systick.o(.revsh_text), (4 bytes).
    Removing system_mkl25z4.o(.rev16_text), (4 bytes).
    Removing system_mkl25z4.o(.revsh_text), (4 bytes).
    Removing system_mkl25z4.o(i.SystemCoreClockUpdate), (400 bytes).
    Removing system_mkl25z4.o(.data), (4 bytes).
    Removing system_mkl25z4.o(i.__ARM_common_switch8), (28 bytes).

35 unused section(s) (total 794 bytes) removed from the image.

==============================================================================

Image Symbol Table

    Local Symbols

    Symbol Name                              Value     Ov Type        Size  Object(Section)

    RESET                                    0x00000000   Section      192  startup_mkl25z4.o(RESET)
    ../clib/angel/boardlib.s                 0x00000000   Number         0  boardinit3.o ABSOLUTE
    ../clib/angel/boardlib.s                 0x00000000   Number         0  boardshut.o ABSOLUTE
    ../clib/angel/boardlib.s                 0x00000000   Number         0  boardinit2.o ABSOLUTE
    ../clib/angel/boardlib.s                 0x00000000   Number         0  boardinit1.o ABSOLUTE
    ../clib/angel/handlers.s                 0x00000000   Number         0  __scatter_copy.o ABSOLUTE
    ../clib/angel/handlers.s                 0x00000000   Number         0  __scatter_zi.o ABSOLUTE
    ../clib/angel/kernel.s                   0x00000000   Number         0  rtexit2.o ABSOLUTE
    ../clib/angel/kernel.s                   0x00000000   Number         0  __rtentry2.o ABSOLUTE
    ../clib/angel/kernel.s                   0x00000000   Number         0  __rtentry4.o ABSOLUTE
    ../clib/angel/kernel.s                   0x00000000   Number         0  __rtentry.o ABSOLUTE
    ../clib/angel/kernel.s                   0x00000000   Number         0  rtexit.o ABSOLUTE
    ../clib/angel/rt.s                       0x00000000   Number         0  aeabi_idiv0_sigfpe.o ABSOLUTE
    ../clib/angel/rt.s                       0x00000000   Number         0  rt_raise.o ABSOLUTE
    ../clib/angel/rt.s                       0x00000000   Number         0  aeabi_idiv0.o ABSOLUTE
    ../clib/angel/rt.s                       0x00000000   Number         0  rt_div0.o ABSOLUTE
    ../clib/angel/rt.s                       0x00000000   Number         0  rt_errno_addr.o ABSOLUTE
    ../clib/angel/rt.s                       0x00000000   Number         0  rt_errno_addr_intlibspace.o ABSOLUTE
    ../clib/angel/scatterp.s                 0x00000000   Number         0  __scatter.o ABSOLUTE
    ../clib/angel/startup.s                  0x00000000   Number         0  __main.o ABSOLUTE
    ../clib/angel/sys.s                      0x00000000   Number         0  sys_stackheap_outer.o ABSOLUTE
    ../clib/angel/sys.s                      0x00000000   Number         0  indicate_semi.o ABSOLUTE
    ../clib/angel/sys.s                      0x00000000   Number         0  use_no_semi.o ABSOLUTE
    ../clib/angel/sys.s                      0x00000000   Number         0  tempstk.o ABSOLUTE
    ../clib/angel/sys.s                      0x00000000   Number         0  libspace.o ABSOLUTE
    ../clib/angel/sysapp.c                   0x00000000   Number         0  sys_exit.o ABSOLUTE
    ../clib/angel/sysapp.c                   0x00000000   Number         0  sys_wrch.o ABSOLUTE
    ../clib/angel/sysapp.c                   0x00000000   Number         0  sys_command.o ABSOLUTE
    ../clib/armsys.c                         0x00000000   Number         0  no_argv.o ABSOLUTE
    ../clib/armsys.c                         0x00000000   Number         0  _get_argv_nomalloc.o ABSOLUTE
    ../clib/armsys.c                         0x00000000   Number         0  argv_veneer.o ABSOLUTE
    ../clib/division.c                       0x00000000   Number         0  rtudiv10.o ABSOLUTE
    ../clib/division.s                       0x00000000   Number         0  aeabi_sdiv_div0.o ABSOLUTE
    ../clib/division.s                       0x00000000   Number         0  aeabi_sdiv.o ABSOLUTE
    ../clib/fenv.c                           0x00000000   Number         0  _rserrno.o ABSOLUTE
    ../clib/heapalloc.c                      0x00000000   Number         0  hrguard.o ABSOLUTE
    ../clib/heapaux.c                        0x00000000   Number         0  heapauxi.o ABSOLUTE
    ../clib/libinit.s                        0x00000000   Number         0  libshutdown2.o ABSOLUTE
    ../clib/libinit.s                        0x00000000   Number         0  libshutdown.o ABSOLUTE
    ../clib/libinit.s                        0x00000000   Number         0  libinit2.o ABSOLUTE
    ../clib/libinit.s                        0x00000000   Number         0  libinit.o ABSOLUTE
    ../clib/printf.c                         0x00000000   Number         0  __printf_ss.o ABSOLUTE
    ../clib/printf.c                         0x00000000   Number         0  __printf_flags_ss.o ABSOLUTE
    ../clib/printf.c                         0x00000000   Number         0  __printf_ss_wp.o ABSOLUTE
    ../clib/printf.c                         0x00000000   Number         0  __printf_flags_wp.o ABSOLUTE
    ../clib/printf.c                         0x00000000   Number         0  _printf_char_file.o ABSOLUTE
    ../clib/printf.c                         0x00000000   Number         0  _printf_char.o ABSOLUTE
    ../clib/printf.c                         0x00000000   Number         0  __printf_flags.o ABSOLUTE
    ../clib/printf.c                         0x00000000   Number         0  _printf_intcommon.o ABSOLUTE
    ../clib/printf.c                         0x00000000   Number         0  __printf_wp.o ABSOLUTE
    ../clib/printf.c                         0x00000000   Number         0  _printf_dec.o ABSOLUTE
    ../clib/printf.c                         0x00000000   Number         0  __2printf.o ABSOLUTE
    ../clib/printf.c                         0x00000000   Number         0  noretval__2printf.o ABSOLUTE
    ../clib/printf.c                         0x00000000   Number         0  __printf.o ABSOLUTE
    ../clib/printf.c                         0x00000000   Number         0  _printf_str.o ABSOLUTE
    ../clib/printf.c                         0x00000000   Number         0  _printf_char_common.o ABSOLUTE
    ../clib/printf.c                         0x00000000   Number         0  __printf_nopercent.o ABSOLUTE
    ../clib/printf.c                         0x00000000   Number         0  __printf_flags_ss_wp.o ABSOLUTE
    ../clib/printf_percent.s                 0x00000000   Number         0  _printf_percent_end.o ABSOLUTE
    ../clib/printf_percent.s                 0x00000000   Number         0  _printf_percent.o ABSOLUTE
    ../clib/printf_percent.s                 0x00000000   Number         0  _printf_c.o ABSOLUTE
    ../clib/printf_percent.s                 0x00000000   Number         0  _printf_d.o ABSOLUTE
    ../clib/signal.c                         0x00000000   Number         0  defsig_general.o ABSOLUTE
    ../clib/signal.c                         0x00000000   Number         0  __raise.o ABSOLUTE
    ../clib/signal.c                         0x00000000   Number         0  defsig_other.o ABSOLUTE
    ../clib/signal.c                         0x00000000   Number         0  defsig_exit.o ABSOLUTE
    ../clib/signal.c                         0x00000000   Number         0  defsig_rtred_inner.o ABSOLUTE
    ../clib/signal.c                         0x00000000   Number         0  defsig_fpe_formal.o ABSOLUTE
    ../clib/signal.c                         0x00000000   Number         0  defsig_fpe_outer.o ABSOLUTE
    ../clib/signal.c                         0x00000000   Number         0  defsig_rtmem_formal.o ABSOLUTE
    ../clib/signal.c                         0x00000000   Number         0  defsig_fpe_inner.o ABSOLUTE
    ../clib/signal.c                         0x00000000   Number         0  defsig_abrt_inner.o ABSOLUTE
    ../clib/signal.c                         0x00000000   Number         0  defsig_rtmem_inner.o ABSOLUTE
    ../clib/signal.c                         0x00000000   Number         0  defsig_rtmem_outer.o ABSOLUTE
    ../clib/signal.c                         0x00000000   Number         0  defsig_stak_inner.o ABSOLUTE
    ../clib/signal.c                         0x00000000   Number         0  defsig_pvfn_inner.o ABSOLUTE
    ../clib/signal.c                         0x00000000   Number         0  defsig_cppl_inner.o ABSOLUTE
    ../clib/signal.c                         0x00000000   Number         0  defsig_segv_inner.o ABSOLUTE
    ../clib/signal.s                         0x00000000   Number         0  defsig.o ABSOLUTE
    ../clib/stdio.c                          0x00000000   Number         0  ferror_locked.o ABSOLUTE
    ../clib/stdio.c                          0x00000000   Number         0  ferror.o ABSOLUTE
    ../clib/stdlib.c                         0x00000000   Number         0  exit.o ABSOLUTE
    ../fplib/cfplib/cmpret.c                 0x00000000   Number         0  cmpret.o ABSOLUTE
    ../fplib/cfplib/daddsub.c                0x00000000   Number         0  daddsub.o ABSOLUTE
    ../fplib/cfplib/dcmpin.c                 0x00000000   Number         0  dcmpin.o ABSOLUTE
    ../fplib/cfplib/ddiv.c                   0x00000000   Number         0  ddiv.o ABSOLUTE
    ../fplib/cfplib/dmul.c                   0x00000000   Number         0  dmul.o ABSOLUTE
    ../fplib/cfplib/ffix.c                   0x00000000   Number         0  dfixui.o ABSOLUTE
    ../fplib/cfplib/fflt.c                   0x00000000   Number         0  dflti.o ABSOLUTE
    ../fplib/cfplib/fpinit.c                 0x00000000   Number         0  fpinit.o ABSOLUTE
    ../fplib/cfplib/nan2.c                   0x00000000   Number         0  dnan2.o ABSOLUTE
    ../fplib/cfplib/retnan.c                 0x00000000   Number         0  retnan.o ABSOLUTE
    ../fplib/cfplib/scalbn.c                 0x00000000   Number         0  dscalbn.o ABSOLUTE
    ../fplib/deqf6m.s                        0x00000000   Number         0  deqf.o ABSOLUTE
    ../fplib/dleqf6m.s                       0x00000000   Number         0  dlef.o ABSOLUTE
    ../fplib/usenofp.s                       0x00000000   Number         0  usenofp.o ABSOLUTE
    ../mathlib/dunder.c                      0x00000000   Number         0  dunder.o ABSOLUTE
    ../mathlib/frexp.c                       0x00000000   Number         0  frexp.o ABSOLUTE
    ../mathlib/log.c                         0x00000000   Number         0  log_x.o ABSOLUTE
    ../mathlib/log.c                         0x00000000   Number         0  log.o ABSOLUTE
    ../mathlib/log2.c                        0x00000000   Number         0  log2.o ABSOLUTE
    ../mathlib/log2.c                        0x00000000   Number         0  log2_x.o ABSOLUTE
    ../mathlib/poly.c                        0x00000000   Number         0  poly.o ABSOLUTE
    ../mathlib/qnan.c                        0x00000000   Number         0  qnan.o ABSOLUTE
    RTE\Device\MKL25Z128xxx4\startup_MKL25Z4.s 0x00000000   Number         0  startup_mkl25z4.o ABSOLUTE
    RTE\Device\MKL25Z128xxx4\system_MKL25Z4.c 0x00000000   Number         0  system_mkl25z4.o ABSOLUTE
    RTE\\Device\\MKL25Z128xxx4\\system_MKL25Z4.c 0x00000000   Number         0  system_mkl25z4.o ABSOLUTE
    dc.s                                     0x00000000   Number         0  dc.o ABSOLUTE
    src\\main.c                              0x00000000   Number         0  main.o ABSOLUTE
    src\\motor.c                             0x00000000   Number         0  motor.o ABSOLUTE
    src\\onboardLeds.c                       0x00000000   Number         0  onboardleds.o ABSOLUTE
    src\\port.c                              0x00000000   Number         0  port.o ABSOLUTE
    src\\queue.c                             0x00000000   Number         0  queue.o ABSOLUTE
    src\\serialcomm.c                        0x00000000   Number         0  serialcomm.o ABSOLUTE
    src\\systick.c                           0x00000000   Number         0  systick.o ABSOLUTE
    src\\timer.c                             0x00000000   Number         0  timer.o ABSOLUTE
    src\main.c                               0x00000000   Number         0  main.o ABSOLUTE
    src\motor.c                              0x00000000   Number         0  motor.o ABSOLUTE
    src\onboardLeds.c                        0x00000000   Number         0  onboardleds.o ABSOLUTE
    src\port.c                               0x00000000   Number         0  port.o ABSOLUTE
    src\queue.c                              0x00000000   Number         0  queue.o ABSOLUTE
    src\serialcomm.c                         0x00000000   Number         0  serialcomm.o ABSOLUTE
    src\systick.c                            0x00000000   Number         0  systick.o ABSOLUTE
    src\timer.c                              0x00000000   Number         0  timer.o ABSOLUTE
    !!!main                                  0x000000c0   Section        8  __main.o(!!!main)
    !!!scatter                               0x000000c8   Section       60  __scatter.o(!!!scatter)
    !!handler_copy                           0x00000104   Section       26  __scatter_copy.o(!!handler_copy)
    !!handler_zi                             0x00000120   Section       28  __scatter_zi.o(!!handler_zi)
    .ARM.Collect$$_printf_percent$$00000000  0x0000013c   Section        2  _printf_percent.o(.ARM.Collect$$_printf_percent$$00000000)
    .ARM.Collect$$_printf_percent$$00000009  0x0000013e   Section       10  _printf_d.o(.ARM.Collect$$_printf_percent$$00000009)
    .ARM.Collect$$_printf_percent$$00000013  0x00000148   Section       10  _printf_c.o(.ARM.Collect$$_printf_percent$$00000013)
    .ARM.Collect$$_printf_percent$$00000017  0x00000152   Section        4  _printf_percent_end.o(.ARM.Collect$$_printf_percent$$00000017)
    .ARM.Collect$$libinit$$00000000          0x00000156   Section        2  libinit.o(.ARM.Collect$$libinit$$00000000)
    .ARM.Collect$$libinit$$00000002          0x00000158   Section        0  libinit2.o(.ARM.Collect$$libinit$$00000002)
    .ARM.Collect$$libinit$$00000004          0x00000158   Section        0  libinit2.o(.ARM.Collect$$libinit$$00000004)
    .ARM.Collect$$libinit$$0000000A          0x00000158   Section        0  libinit2.o(.ARM.Collect$$libinit$$0000000A)
    .ARM.Collect$$libinit$$0000000C          0x00000158   Section        0  libinit2.o(.ARM.Collect$$libinit$$0000000C)
    .ARM.Collect$$libinit$$0000000E          0x00000158   Section        0  libinit2.o(.ARM.Collect$$libinit$$0000000E)
    .ARM.Collect$$libinit$$00000011          0x00000158   Section        0  libinit2.o(.ARM.Collect$$libinit$$00000011)
    .ARM.Collect$$libinit$$00000013          0x00000158   Section        0  libinit2.o(.ARM.Collect$$libinit$$00000013)
    .ARM.Collect$$libinit$$00000015          0x00000158   Section        0  libinit2.o(.ARM.Collect$$libinit$$00000015)
    .ARM.Collect$$libinit$$00000017          0x00000158   Section        0  libinit2.o(.ARM.Collect$$libinit$$00000017)
    .ARM.Collect$$libinit$$00000019          0x00000158   Section        0  libinit2.o(.ARM.Collect$$libinit$$00000019)
    .ARM.Collect$$libinit$$0000001B          0x00000158   Section        0  libinit2.o(.ARM.Collect$$libinit$$0000001B)
    .ARM.Collect$$libinit$$0000001D          0x00000158   Section        0  libinit2.o(.ARM.Collect$$libinit$$0000001D)
    .ARM.Collect$$libinit$$0000001F          0x00000158   Section        0  libinit2.o(.ARM.Collect$$libinit$$0000001F)
    .ARM.Collect$$libinit$$00000021          0x00000158   Section        0  libinit2.o(.ARM.Collect$$libinit$$00000021)
    .ARM.Collect$$libinit$$00000023          0x00000158   Section        0  libinit2.o(.ARM.Collect$$libinit$$00000023)
    .ARM.Collect$$libinit$$00000025          0x00000158   Section        0  libinit2.o(.ARM.Collect$$libinit$$00000025)
    .ARM.Collect$$libinit$$0000002C          0x00000158   Section        0  libinit2.o(.ARM.Collect$$libinit$$0000002C)
    .ARM.Collect$$libinit$$0000002E          0x00000158   Section        0  libinit2.o(.ARM.Collect$$libinit$$0000002E)
    .ARM.Collect$$libinit$$00000030          0x00000158   Section        0  libinit2.o(.ARM.Collect$$libinit$$00000030)
    .ARM.Collect$$libinit$$00000032          0x00000158   Section        0  libinit2.o(.ARM.Collect$$libinit$$00000032)
    .ARM.Collect$$libinit$$00000033          0x00000158   Section        2  libinit2.o(.ARM.Collect$$libinit$$00000033)
    .ARM.Collect$$libshutdown$$00000000      0x0000015a   Section        2  libshutdown.o(.ARM.Collect$$libshutdown$$00000000)
    .ARM.Collect$$libshutdown$$00000002      0x0000015c   Section        0  libshutdown2.o(.ARM.Collect$$libshutdown$$00000002)
    .ARM.Collect$$libshutdown$$00000004      0x0000015c   Section        0  libshutdown2.o(.ARM.Collect$$libshutdown$$00000004)
    .ARM.Collect$$libshutdown$$00000007      0x0000015c   Section        0  libshutdown2.o(.ARM.Collect$$libshutdown$$00000007)
    .ARM.Collect$$libshutdown$$0000000A      0x0000015c   Section        0  libshutdown2.o(.ARM.Collect$$libshutdown$$0000000A)
    .ARM.Collect$$libshutdown$$0000000C      0x0000015c   Section        0  libshutdown2.o(.ARM.Collect$$libshutdown$$0000000C)
    .ARM.Collect$$libshutdown$$0000000F      0x0000015c   Section        0  libshutdown2.o(.ARM.Collect$$libshutdown$$0000000F)
    .ARM.Collect$$libshutdown$$00000010      0x0000015c   Section        2  libshutdown2.o(.ARM.Collect$$libshutdown$$00000010)
    .ARM.Collect$$rtentry$$00000000          0x0000015e   Section        0  __rtentry.o(.ARM.Collect$$rtentry$$00000000)
    .ARM.Collect$$rtentry$$00000002          0x0000015e   Section        0  __rtentry2.o(.ARM.Collect$$rtentry$$00000002)
    .ARM.Collect$$rtentry$$00000004          0x0000015e   Section        6  __rtentry4.o(.ARM.Collect$$rtentry$$00000004)
    .ARM.Collect$$rtentry$$00000009          0x00000164   Section        0  __rtentry2.o(.ARM.Collect$$rtentry$$00000009)
    .ARM.Collect$$rtentry$$0000000A          0x00000164   Section        4  __rtentry2.o(.ARM.Collect$$rtentry$$0000000A)
    .ARM.Collect$$rtentry$$0000000C          0x00000168   Section        0  __rtentry2.o(.ARM.Collect$$rtentry$$0000000C)
    .ARM.Collect$$rtentry$$0000000D          0x00000168   Section        8  __rtentry2.o(.ARM.Collect$$rtentry$$0000000D)
    .ARM.Collect$$rtexit$$00000000           0x00000170   Section        2  rtexit.o(.ARM.Collect$$rtexit$$00000000)
    .ARM.Collect$$rtexit$$00000002           0x00000172   Section        0  rtexit2.o(.ARM.Collect$$rtexit$$00000002)
    .ARM.Collect$$rtexit$$00000003           0x00000172   Section        4  rtexit2.o(.ARM.Collect$$rtexit$$00000003)
    .ARM.Collect$$rtexit$$00000004           0x00000176   Section        6  rtexit2.o(.ARM.Collect$$rtexit$$00000004)
    .text                                    0x0000017c   Section       64  startup_mkl25z4.o(.text)
    .text                                    0x000001bc   Section        0  noretval__2printf.o(.text)
    .text                                    0x000001d8   Section        0  __printf.o(.text)
    .text                                    0x00000244   Section        0  _printf_str.o(.text)
    .text                                    0x00000298   Section        0  _printf_dec.o(.text)
    .text                                    0x00000304   Section        0  heapauxi.o(.text)
    .text                                    0x0000030c   Section        0  dfixui.o(.text)
    .text                                    0x00000354   Section        0  dflti.o(.text)
    .text                                    0x000003ac   Section        0  _rserrno.o(.text)
    .text                                    0x000003c2   Section        0  _printf_char.o(.text)
    .text                                    0x000003f0   Section        8  rt_errno_addr_intlibspace.o(.text)
    .text                                    0x000003f8   Section        0  ferror.o(.text)
    .ARM.__at_0x400                          0x00000400   Section       16  startup_mkl25z4.o(.ARM.__at_0x400)
    .text                                    0x00000410   Section      346  aeabi_sdiv.o(.text)
    .text                                    0x0000056c   Section        0  ddiv.o(.text)
    .text                                    0x000009b4   Section        0  _printf_intcommon.o(.text)
    .text                                    0x00000a64   Section        0  _printf_char_file.o(.text)
    .text                                    0x00000a8c   Section        0  rtudiv10.o(.text)
    .text                                    0x00000ab4   Section        0  daddsub.o(.text)
    _dadd1                                   0x00000ab5   Thumb Code   290  daddsub.o(.text)
    _dsub1                                   0x00000bd7   Thumb Code   470  daddsub.o(.text)
    .text                                    0x00000e0c   Section        0  dscalbn.o(.text)
    .text                                    0x00000e6c   Section        0  _printf_char_common.o(.text)
    _printf_input_char                       0x00000e6d   Thumb Code    10  _printf_char_common.o(.text)
    .text                                    0x00000e9c   Section        0  dcmpin.o(.text)
    .text                                    0x00000f2c   Section        0  dmul.o(.text)
    .text                                    0x00001174   Section        8  libspace.o(.text)
    .text                                    0x0000117c   Section       62  sys_stackheap_outer.o(.text)
    .text                                    0x000011ba   Section        0  exit.o(.text)
    .text                                    0x000011ca   Section        0  cmpret.o(.text)
    .text                                    0x000011f8   Section        0  dnan2.o(.text)
    .text                                    0x0000120c   Section        0  retnan.o(.text)
    .text                                    0x0000126c   Section        0  sys_exit.o(.text)
    .text                                    0x00001278   Section        2  use_no_semi.o(.text)
    .text                                    0x0000127a   Section        0  indicate_semi.o(.text)
    i.Init_PortA                             0x0000127c   Section        0  port.o(i.Init_PortA)
    i.Init_PortB                             0x000012ac   Section        0  port.o(i.Init_PortB)
    i.Init_PortC                             0x00001324   Section        0  port.o(i.Init_PortC)
    i.Init_PortD                             0x00001368   Section        0  port.o(i.Init_PortD)
    i.Init_PortE                             0x000013a8   Section        0  port.o(i.Init_PortE)
    i.Init_Queue                             0x000013d8   Section        0  queue.o(i.Init_Queue)
    i.Init_SysTick                           0x000013f4   Section        0  systick.o(i.Init_SysTick)
    i.Init_TPM0                              0x00001450   Section        0  timer.o(i.Init_TPM0)
    i.Init_TPM1                              0x000014c0   Section        0  timer.o(i.Init_TPM1)
    i.Init_UART0                             0x00001530   Section        0  serialcomm.o(i.Init_UART0)
    i.Send_String                            0x00001678   Section        0  serialcomm.o(i.Send_String)
    i.SysTick_Handler                        0x000016c8   Section        0  main.o(i.SysTick_Handler)
    i.SystemInit                             0x0000170c   Section        0  system_mkl25z4.o(i.SystemInit)
    i.TPM0_IRQHandler                        0x00001844   Section        0  main.o(i.TPM0_IRQHandler)
    i.TPM1_IRQHandler                        0x00001860   Section        0  main.o(i.TPM1_IRQHandler)
    i.UART0_IRQHandler                       0x0000187c   Section        0  serialcomm.o(i.UART0_IRQHandler)
    i.__NVIC_EnableIRQ                       0x00001904   Section        0  timer.o(i.__NVIC_EnableIRQ)
    __NVIC_EnableIRQ                         0x00001905   Thumb Code    26  timer.o(i.__NVIC_EnableIRQ)
    i.__NVIC_SetPriority                     0x00001924   Section        0  timer.o(i.__NVIC_SetPriority)
    __NVIC_SetPriority                       0x00001925   Thumb Code   110  timer.o(i.__NVIC_SetPriority)
    i.__NVIC_SetPriority                     0x0000199c   Section        0  serialcomm.o(i.__NVIC_SetPriority)
    __NVIC_SetPriority                       0x0000199d   Thumb Code   110  serialcomm.o(i.__NVIC_SetPriority)
    i.__NVIC_SetPriority                     0x00001a14   Section        0  systick.o(i.__NVIC_SetPriority)
    __NVIC_SetPriority                       0x00001a15   Thumb Code   110  systick.o(i.__NVIC_SetPriority)
    i.__kernel_poly                          0x00001a8c   Section        0  poly.o(i.__kernel_poly)
    i.__mathlib_dbl_divzero                  0x00001b38   Section        0  dunder.o(i.__mathlib_dbl_divzero)
    i.__mathlib_dbl_infnan                   0x00001b4c   Section        0  dunder.o(i.__mathlib_dbl_infnan)
    i.__mathlib_dbl_invalid                  0x00001b56   Section        0  dunder.o(i.__mathlib_dbl_invalid)
    i.configAllChannels                      0x00001b66   Section        0  timer.o(i.configAllChannels)
    i.configChannel                          0x00001b84   Section        0  timer.o(i.configChannel)
    i.configPin                              0x00001ba0   Section        0  port.o(i.configPin)
    i.cycler                                 0x00001bc4   Section        0  main.o(i.cycler)
    i.dequeueChar                            0x00001bec   Section        0  queue.o(i.dequeueChar)
    i.enqueueChar                            0x00001c38   Section        0  queue.o(i.enqueueChar)
    i.executeLightingProccesses              0x00001c7c   Section        0  onboardleds.o(i.executeLightingProccesses)
    i.executeMotorProcesses                  0x00001cb2   Section        0  motor.o(i.executeMotorProcesses)
    i.fputc                                  0x00001cf8   Section        0  serialcomm.o(i.fputc)
    i.frexp                                  0x00001d1c   Section        0  frexp.o(i.frexp)
    i.isQueueEmpty                           0x00001d74   Section        0  queue.o(i.isQueueEmpty)
    i.isQueueFull                            0x00001d84   Section        0  queue.o(i.isQueueFull)
    i.laserDisable                           0x00001d98   Section        0  onboardleds.o(i.laserDisable)
    i.laserEnable                            0x00001da8   Section        0  onboardleds.o(i.laserEnable)
    i.log                                    0x00001db8   Section        0  log.o(i.log)
    i.log2                                   0x0000210c   Section        0  log2.o(i.log2)
    i.main                                   0x0000219c   Section        0  main.o(i.main)
    i.onboardLEDToggle                       0x00002214   Section        0  onboardleds.o(i.onboardLEDToggle)
    i.pulseStepperMotorPan                   0x00002268   Section        0  motor.o(i.pulseStepperMotorPan)
    i.pulseStepperMotorTilt                  0x00002288   Section        0  motor.o(i.pulseStepperMotorTilt)
    i.queueSize                              0x000022a8   Section        0  queue.o(i.queueSize)
    i.serialcomm_CheckForAndProcessSerialChars 0x000022b0   Section        0  serialcomm.o(i.serialcomm_CheckForAndProcessSerialChars)
    i.serialcomm_StartTransmitter            0x000022e4   Section        0  serialcomm.o(i.serialcomm_StartTransmitter)
    i.serialcomm_clearReceivedChar           0x00002300   Section        0  serialcomm.o(i.serialcomm_clearReceivedChar)
    i.serialcomm_readReceivedChar            0x0000230c   Section        0  serialcomm.o(i.serialcomm_readReceivedChar)
    i.setDirectionCCWPan                     0x00002314   Section        0  motor.o(i.setDirectionCCWPan)
    i.setDirectionCCWTilt                    0x00002324   Section        0  motor.o(i.setDirectionCCWTilt)
    i.setDirectionCWPan                      0x00002334   Section        0  motor.o(i.setDirectionCWPan)
    i.setDirectionCWTilt                     0x00002344   Section        0  motor.o(i.setDirectionCWTilt)
    i.setHighPin                             0x00002354   Section        0  port.o(i.setHighPin)
    i.setLowPin                              0x00002360   Section        0  port.o(i.setLowPin)
    i.startTPMCounter                        0x0000236c   Section        0  timer.o(i.startTPMCounter)
    i.stopTPMCounter                         0x000023a0   Section        0  timer.o(i.stopTPMCounter)
    x$fpl$deqf                               0x000023b4   Section      100  deqf.o(x$fpl$deqf)
    x$fpl$dleqf                              0x00002418   Section      100  dlef.o(x$fpl$dleqf)
    .constdata                               0x0000247c   Section      128  ddiv.o(.constdata)
    x$fpl$usenofp                            0x0000247c   Section        0  usenofp.o(x$fpl$usenofp)
    ddiv_reciptbl                            0x0000247c   Data         128  ddiv.o(.constdata)
    .constdata                               0x00002500   Section       56  log.o(.constdata)
    Lg2                                      0x00002500   Data          24  log.o(.constdata)
    Lg                                       0x00002518   Data          32  log.o(.constdata)
    .constdata                               0x00002538   Section        8  qnan.o(.constdata)
    .data                                    0x1ffff000   Section        3  main.o(.data)
    channelDutyCycleCounterValue             0x1ffff000   Data           2  main.o(.data)
    ledState                                 0x1ffff002   Data           1  main.o(.data)
    .data                                    0x1ffff004   Section        2  timer.o(.data)
    channelDutyCycleCounterValue             0x1ffff004   Data           2  timer.o(.data)
    .data                                    0x1ffff008   Section       12  serialcomm.o(.data)
    receivedChar                             0x1ffff008   Data           1  serialcomm.o(.data)
    .bss                                     0x1ffff014   Section      536  serialcomm.o(.bss)
    transmitQueue                            0x1ffff014   Data         268  serialcomm.o(.bss)
    receiveQueue                             0x1ffff120   Data         268  serialcomm.o(.bss)
    .bss                                     0x1ffff22c   Section       96  libspace.o(.bss)
    HEAP                                     0x1ffff290   Section        0  startup_mkl25z4.o(HEAP)
    STACK                                    0x1ffff290   Section     1024  startup_mkl25z4.o(STACK)
    Heap_Mem                                 0x1ffff290   Data           0  startup_mkl25z4.o(HEAP)
    Stack_Mem                                0x1ffff290   Data        1024  startup_mkl25z4.o(STACK)
    __initial_sp                             0x1ffff690   Data           0  startup_mkl25z4.o(STACK)

    Global Symbols

    Symbol Name                              Value     Ov Type        Size  Object(Section)

    BuildAttributes$$THM_ISAv3M$S$PE$A:L22$X:L11$S22$IEEE1$IW$USESV6$~STKCKD$USESV7$~SHL$OTIME$ROPI$IEEEX$EBA8$UX$STANDARDLIB$REQ8$PRES8$EABIv2 0x00000000   Number         0  anon$$obj.o ABSOLUTE
    __ARM_use_no_argv                        0x00000000   Number         0  main.o ABSOLUTE
    __Vectors                                0x00000000   Data           4  startup_mkl25z4.o(RESET)
    __ARM_exceptions_init                     - Undefined Weak Reference
    __alloca_initialize                       - Undefined Weak Reference
    __arm_preinit_                            - Undefined Weak Reference
    __cpp_initialize__aeabi_                  - Undefined Weak Reference
    __cxa_finalize                            - Undefined Weak Reference
    __rt_locale                               - Undefined Weak Reference
    __sigvec_lookup                           - Undefined Weak Reference
    _atexit_init                              - Undefined Weak Reference
    _call_atexit_fns                          - Undefined Weak Reference
    _clock_init                               - Undefined Weak Reference
    _fp_trap_init                             - Undefined Weak Reference
    _fp_trap_shutdown                         - Undefined Weak Reference
    _get_lc_collate                           - Undefined Weak Reference
    _get_lc_ctype                             - Undefined Weak Reference
    _get_lc_monetary                          - Undefined Weak Reference
    _get_lc_numeric                           - Undefined Weak Reference
    _get_lc_time                              - Undefined Weak Reference
    _getenv_init                              - Undefined Weak Reference
    _handle_redirection                       - Undefined Weak Reference
    _init_alloc                               - Undefined Weak Reference
    _init_user_alloc                          - Undefined Weak Reference
    _initio                                   - Undefined Weak Reference
    _mutex_acquire                            - Undefined Weak Reference
    _mutex_release                            - Undefined Weak Reference
    _printf_mbtowc                            - Undefined Weak Reference
    _printf_post_padding                      - Undefined Weak Reference
    _printf_pre_padding                       - Undefined Weak Reference
    _printf_truncate_signed                   - Undefined Weak Reference
    _printf_truncate_unsigned                 - Undefined Weak Reference
    _rand_init                                - Undefined Weak Reference
    _signal_finish                            - Undefined Weak Reference
    _signal_init                              - Undefined Weak Reference
    _terminate_alloc                          - Undefined Weak Reference
    _terminate_user_alloc                     - Undefined Weak Reference
    _terminateio                              - Undefined Weak Reference
    __Vectors_End                            0x000000c0   Data           0  startup_mkl25z4.o(RESET)
    __Vectors_Size                           0x000000c0   Number         0  startup_mkl25z4.o ABSOLUTE
    __main                                   0x000000c1   Thumb Code     8  __main.o(!!!main)
    __scatterload                            0x000000c9   Thumb Code     0  __scatter.o(!!!scatter)
    __scatterload_rt2                        0x000000c9   Thumb Code    52  __scatter.o(!!!scatter)
    __scatterload_rt2_thumb_only             0x000000c9   Thumb Code     0  __scatter.o(!!!scatter)
    __scatterload_null                       0x000000d9   Thumb Code     0  __scatter.o(!!!scatter)
    __scatterload_copy                       0x00000105   Thumb Code    26  __scatter_copy.o(!!handler_copy)
    __scatterload_zeroinit                   0x00000121   Thumb Code    28  __scatter_zi.o(!!handler_zi)
    _printf_percent                          0x0000013d   Thumb Code     0  _printf_percent.o(.ARM.Collect$$_printf_percent$$00000000)
    _printf_d                                0x0000013f   Thumb Code     0  _printf_d.o(.ARM.Collect$$_printf_percent$$00000009)
    _printf_c                                0x00000149   Thumb Code     0  _printf_c.o(.ARM.Collect$$_printf_percent$$00000013)
    _printf_percent_end                      0x00000153   Thumb Code     0  _printf_percent_end.o(.ARM.Collect$$_printf_percent$$00000017)
    __rt_lib_init                            0x00000157   Thumb Code     0  libinit.o(.ARM.Collect$$libinit$$00000000)
    __rt_lib_init_alloca_1                   0x00000159   Thumb Code     0  libinit2.o(.ARM.Collect$$libinit$$0000002E)
    __rt_lib_init_argv_1                     0x00000159   Thumb Code     0  libinit2.o(.ARM.Collect$$libinit$$0000002C)
    __rt_lib_init_atexit_1                   0x00000159   Thumb Code     0  libinit2.o(.ARM.Collect$$libinit$$0000001B)
    __rt_lib_init_clock_1                    0x00000159   Thumb Code     0  libinit2.o(.ARM.Collect$$libinit$$00000021)
    __rt_lib_init_cpp_1                      0x00000159   Thumb Code     0  libinit2.o(.ARM.Collect$$libinit$$00000032)
    __rt_lib_init_exceptions_1               0x00000159   Thumb Code     0  libinit2.o(.ARM.Collect$$libinit$$00000030)
    __rt_lib_init_fp_1                       0x00000159   Thumb Code     0  libinit2.o(.ARM.Collect$$libinit$$00000002)
    __rt_lib_init_fp_trap_1                  0x00000159   Thumb Code     0  libinit2.o(.ARM.Collect$$libinit$$0000001F)
    __rt_lib_init_getenv_1                   0x00000159   Thumb Code     0  libinit2.o(.ARM.Collect$$libinit$$00000023)
    __rt_lib_init_heap_1                     0x00000159   Thumb Code     0  libinit2.o(.ARM.Collect$$libinit$$0000000A)
    __rt_lib_init_lc_collate_1               0x00000159   Thumb Code     0  libinit2.o(.ARM.Collect$$libinit$$00000011)
    __rt_lib_init_lc_ctype_1                 0x00000159   Thumb Code     0  libinit2.o(.ARM.Collect$$libinit$$00000013)
    __rt_lib_init_lc_monetary_1              0x00000159   Thumb Code     0  libinit2.o(.ARM.Collect$$libinit$$00000015)
    __rt_lib_init_lc_numeric_1               0x00000159   Thumb Code     0  libinit2.o(.ARM.Collect$$libinit$$00000017)
    __rt_lib_init_lc_time_1                  0x00000159   Thumb Code     0  libinit2.o(.ARM.Collect$$libinit$$00000019)
    __rt_lib_init_preinit_1                  0x00000159   Thumb Code     0  libinit2.o(.ARM.Collect$$libinit$$00000004)
    __rt_lib_init_rand_1                     0x00000159   Thumb Code     0  libinit2.o(.ARM.Collect$$libinit$$0000000E)
    __rt_lib_init_return                     0x00000159   Thumb Code     0  libinit2.o(.ARM.Collect$$libinit$$00000033)
    __rt_lib_init_signal_1                   0x00000159   Thumb Code     0  libinit2.o(.ARM.Collect$$libinit$$0000001D)
    __rt_lib_init_stdio_1                    0x00000159   Thumb Code     0  libinit2.o(.ARM.Collect$$libinit$$00000025)
    __rt_lib_init_user_alloc_1               0x00000159   Thumb Code     0  libinit2.o(.ARM.Collect$$libinit$$0000000C)
    __rt_lib_shutdown                        0x0000015b   Thumb Code     0  libshutdown.o(.ARM.Collect$$libshutdown$$00000000)
    __rt_lib_shutdown_cpp_1                  0x0000015d   Thumb Code     0  libshutdown2.o(.ARM.Collect$$libshutdown$$00000002)
    __rt_lib_shutdown_fp_trap_1              0x0000015d   Thumb Code     0  libshutdown2.o(.ARM.Collect$$libshutdown$$00000007)
    __rt_lib_shutdown_heap_1                 0x0000015d   Thumb Code     0  libshutdown2.o(.ARM.Collect$$libshutdown$$0000000F)
    __rt_lib_shutdown_return                 0x0000015d   Thumb Code     0  libshutdown2.o(.ARM.Collect$$libshutdown$$00000010)
    __rt_lib_shutdown_signal_1               0x0000015d   Thumb Code     0  libshutdown2.o(.ARM.Collect$$libshutdown$$0000000A)
    __rt_lib_shutdown_stdio_1                0x0000015d   Thumb Code     0  libshutdown2.o(.ARM.Collect$$libshutdown$$00000004)
    __rt_lib_shutdown_user_alloc_1           0x0000015d   Thumb Code     0  libshutdown2.o(.ARM.Collect$$libshutdown$$0000000C)
    __rt_entry                               0x0000015f   Thumb Code     0  __rtentry.o(.ARM.Collect$$rtentry$$00000000)
    __rt_entry_presh_1                       0x0000015f   Thumb Code     0  __rtentry2.o(.ARM.Collect$$rtentry$$00000002)
    __rt_entry_sh                            0x0000015f   Thumb Code     0  __rtentry4.o(.ARM.Collect$$rtentry$$00000004)
    __rt_entry_li                            0x00000165   Thumb Code     0  __rtentry2.o(.ARM.Collect$$rtentry$$0000000A)
    __rt_entry_postsh_1                      0x00000165   Thumb Code     0  __rtentry2.o(.ARM.Collect$$rtentry$$00000009)
    __rt_entry_main                          0x00000169   Thumb Code     0  __rtentry2.o(.ARM.Collect$$rtentry$$0000000D)
    __rt_entry_postli_1                      0x00000169   Thumb Code     0  __rtentry2.o(.ARM.Collect$$rtentry$$0000000C)
    __rt_exit                                0x00000171   Thumb Code     0  rtexit.o(.ARM.Collect$$rtexit$$00000000)
    __rt_exit_ls                             0x00000173   Thumb Code     0  rtexit2.o(.ARM.Collect$$rtexit$$00000003)
    __rt_exit_prels_1                        0x00000173   Thumb Code     0  rtexit2.o(.ARM.Collect$$rtexit$$00000002)
    __rt_exit_exit                           0x00000177   Thumb Code     0  rtexit2.o(.ARM.Collect$$rtexit$$00000004)
    Reset_Handler                            0x0000017d   Thumb Code    12  startup_mkl25z4.o(.text)
    NMI_Handler                              0x00000189   Thumb Code     2  startup_mkl25z4.o(.text)
    HardFault_Handler                        0x0000018b   Thumb Code     2  startup_mkl25z4.o(.text)
    SVC_Handler                              0x0000018d   Thumb Code     2  startup_mkl25z4.o(.text)
    PendSV_Handler                           0x0000018f   Thumb Code     2  startup_mkl25z4.o(.text)
    ADC0_IRQHandler                          0x00000193   Thumb Code     0  startup_mkl25z4.o(.text)
    CMP0_IRQHandler                          0x00000193   Thumb Code     0  startup_mkl25z4.o(.text)
    DAC0_IRQHandler                          0x00000193   Thumb Code     0  startup_mkl25z4.o(.text)
    DMA0_IRQHandler                          0x00000193   Thumb Code     0  startup_mkl25z4.o(.text)
    DMA1_IRQHandler                          0x00000193   Thumb Code     0  startup_mkl25z4.o(.text)
    DMA2_IRQHandler                          0x00000193   Thumb Code     0  startup_mkl25z4.o(.text)
    DMA3_IRQHandler                          0x00000193   Thumb Code     0  startup_mkl25z4.o(.text)
    DefaultISR                               0x00000193   Thumb Code     0  startup_mkl25z4.o(.text)
    FTFA_IRQHandler                          0x00000193   Thumb Code     0  startup_mkl25z4.o(.text)
    I2C0_IRQHandler                          0x00000193   Thumb Code     0  startup_mkl25z4.o(.text)
    I2C1_IRQHandler                          0x00000193   Thumb Code     0  startup_mkl25z4.o(.text)
    LLWU_IRQHandler                          0x00000193   Thumb Code     0  startup_mkl25z4.o(.text)
    LPTMR0_IRQHandler                        0x00000193   Thumb Code     0  startup_mkl25z4.o(.text)
    LVD_LVW_IRQHandler                       0x00000193   Thumb Code     0  startup_mkl25z4.o(.text)
    MCG_IRQHandler                           0x00000193   Thumb Code     0  startup_mkl25z4.o(.text)
    PIT_IRQHandler                           0x00000193   Thumb Code     0  startup_mkl25z4.o(.text)
    PORTA_IRQHandler                         0x00000193   Thumb Code     0  startup_mkl25z4.o(.text)
    PORTD_IRQHandler                         0x00000193   Thumb Code     0  startup_mkl25z4.o(.text)
    RTC_IRQHandler                           0x00000193   Thumb Code     0  startup_mkl25z4.o(.text)
    RTC_Seconds_IRQHandler                   0x00000193   Thumb Code     0  startup_mkl25z4.o(.text)
    Reserved20_IRQHandler                    0x00000193   Thumb Code     0  startup_mkl25z4.o(.text)
    Reserved39_IRQHandler                    0x00000193   Thumb Code     0  startup_mkl25z4.o(.text)
    Reserved45_IRQHandler                    0x00000193   Thumb Code     0  startup_mkl25z4.o(.text)
    SPI0_IRQHandler                          0x00000193   Thumb Code     0  startup_mkl25z4.o(.text)
    SPI1_IRQHandler                          0x00000193   Thumb Code     0  startup_mkl25z4.o(.text)
    TPM2_IRQHandler                          0x00000193   Thumb Code     0  startup_mkl25z4.o(.text)
    TSI0_IRQHandler                          0x00000193   Thumb Code     0  startup_mkl25z4.o(.text)
    UART1_IRQHandler                         0x00000193   Thumb Code     0  startup_mkl25z4.o(.text)
    UART2_IRQHandler                         0x00000193   Thumb Code     0  startup_mkl25z4.o(.text)
    USB0_IRQHandler                          0x00000193   Thumb Code     0  startup_mkl25z4.o(.text)
    __user_initial_stackheap                 0x00000199   Thumb Code     0  startup_mkl25z4.o(.text)
    __2printf                                0x000001bd   Thumb Code    22  noretval__2printf.o(.text)
    __printf                                 0x000001d9   Thumb Code   108  __printf.o(.text)
    _printf_str                              0x00000245   Thumb Code    82  _printf_str.o(.text)
    _printf_int_dec                          0x00000299   Thumb Code    90  _printf_dec.o(.text)
    __use_two_region_memory                  0x00000305   Thumb Code     2  heapauxi.o(.text)
    __rt_heap_escrow$2region                 0x00000307   Thumb Code     2  heapauxi.o(.text)
    __rt_heap_expand$2region                 0x00000309   Thumb Code     2  heapauxi.o(.text)
    __aeabi_d2uiz                            0x0000030d   Thumb Code     0  dfixui.o(.text)
    _dfixu                                   0x0000030d   Thumb Code    68  dfixui.o(.text)
    __aeabi_i2d_normalise                    0x00000355   Thumb Code    66  dflti.o(.text)
    __aeabi_i2d                              0x00000397   Thumb Code    16  dflti.o(.text)
    _dflt                                    0x00000397   Thumb Code     0  dflti.o(.text)
    __aeabi_ui2d                             0x000003a7   Thumb Code     6  dflti.o(.text)
    _dfltu                                   0x000003a7   Thumb Code     0  dflti.o(.text)
    __read_errno                             0x000003ad   Thumb Code    10  _rserrno.o(.text)
    __set_errno                              0x000003b7   Thumb Code    12  _rserrno.o(.text)
    _printf_cs_common                        0x000003c3   Thumb Code    22  _printf_char.o(.text)
    _printf_char                             0x000003d9   Thumb Code    16  _printf_char.o(.text)
    _printf_string                           0x000003e9   Thumb Code     8  _printf_char.o(.text)
    __aeabi_errno_addr                       0x000003f1   Thumb Code     8  rt_errno_addr_intlibspace.o(.text)
    __errno$intlibspace                      0x000003f1   Thumb Code     0  rt_errno_addr_intlibspace.o(.text)
    __rt_errno_addr$intlibspace              0x000003f1   Thumb Code     0  rt_errno_addr_intlibspace.o(.text)
    ferror                                   0x000003f9   Thumb Code     8  ferror.o(.text)
    __aeabi_uidiv                            0x00000411   Thumb Code     0  aeabi_sdiv.o(.text)
    __aeabi_uidivmod                         0x00000411   Thumb Code    20  aeabi_sdiv.o(.text)
    __aeabi_idiv                             0x00000425   Thumb Code     0  aeabi_sdiv.o(.text)
    __aeabi_idivmod                          0x00000425   Thumb Code   326  aeabi_sdiv.o(.text)
    __aeabi_ddiv                             0x0000056d   Thumb Code     0  ddiv.o(.text)
    _ddiv                                    0x0000056d   Thumb Code  1072  ddiv.o(.text)
    _drdiv                                   0x0000099d   Thumb Code    20  ddiv.o(.text)
    _printf_int_common                       0x000009b5   Thumb Code   176  _printf_intcommon.o(.text)
    _printf_char_file                        0x00000a65   Thumb Code    34  _printf_char_file.o(.text)
    __rt_udiv10                              0x00000a8d   Thumb Code    40  rtudiv10.o(.text)
    __aeabi_dadd                             0x00000dad   Thumb Code     0  daddsub.o(.text)
    _dadd                                    0x00000dad   Thumb Code    26  daddsub.o(.text)
    __aeabi_dsub                             0x00000dc7   Thumb Code     0  daddsub.o(.text)
    _dsub                                    0x00000dc7   Thumb Code    22  daddsub.o(.text)
    __aeabi_drsub                            0x00000ddd   Thumb Code     0  daddsub.o(.text)
    _drsb                                    0x00000ddd   Thumb Code    28  daddsub.o(.text)
    __ARM_scalbn                             0x00000e0d   Thumb Code    84  dscalbn.o(.text)
    _printf_char_common                      0x00000e77   Thumb Code    32  _printf_char_common.o(.text)
    __fpl_dcmp_InfNaN                        0x00000e9d   Thumb Code   140  dcmpin.o(.text)
    __aeabi_dmul                             0x00000f2d   Thumb Code     0  dmul.o(.text)
    _dmul                                    0x00000f2d   Thumb Code   558  dmul.o(.text)
    __user_libspace                          0x00001175   Thumb Code     8  libspace.o(.text)
    __user_perproc_libspace                  0x00001175   Thumb Code     0  libspace.o(.text)
    __user_perthread_libspace                0x00001175   Thumb Code     0  libspace.o(.text)
    __user_setup_stackheap                   0x0000117d   Thumb Code    62  sys_stackheap_outer.o(.text)
    exit                                     0x000011bb   Thumb Code    16  exit.o(.text)
    __fpl_cmpreturn                          0x000011cb   Thumb Code    46  cmpret.o(.text)
    __fpl_dcheck_NaN2                        0x000011f9   Thumb Code    14  dnan2.o(.text)
    __fpl_return_NaN                         0x0000120d   Thumb Code    94  retnan.o(.text)
    _sys_exit                                0x0000126d   Thumb Code     8  sys_exit.o(.text)
    __I$use$semihosting                      0x00001279   Thumb Code     0  use_no_semi.o(.text)
    __use_no_semihosting_swi                 0x00001279   Thumb Code     2  use_no_semi.o(.text)
    __semihosting_library_function           0x0000127b   Thumb Code     0  indicate_semi.o(.text)
    Init_PortA                               0x0000127d   Thumb Code    38  port.o(i.Init_PortA)
    Init_PortB                               0x000012ad   Thumb Code   102  port.o(i.Init_PortB)
    Init_PortC                               0x00001325   Thumb Code    52  port.o(i.Init_PortC)
    Init_PortD                               0x00001369   Thumb Code    52  port.o(i.Init_PortD)
    Init_PortE                               0x000013a9   Thumb Code    38  port.o(i.Init_PortE)
    Init_Queue                               0x000013d9   Thumb Code    28  queue.o(i.Init_Queue)
    Init_SysTick                             0x000013f5   Thumb Code    80  systick.o(i.Init_SysTick)
    Init_TPM0                                0x00001451   Thumb Code    98  timer.o(i.Init_TPM0)
    Init_TPM1                                0x000014c1   Thumb Code    98  timer.o(i.Init_TPM1)
    Init_UART0                               0x00001531   Thumb Code   292  serialcomm.o(i.Init_UART0)
    Send_String                              0x00001679   Thumb Code    70  serialcomm.o(i.Send_String)
    SysTick_Handler                          0x000016c9   Thumb Code    56  main.o(i.SysTick_Handler)
    SystemInit                               0x0000170d   Thumb Code   266  system_mkl25z4.o(i.SystemInit)
    TPM0_IRQHandler                          0x00001845   Thumb Code    18  main.o(i.TPM0_IRQHandler)
    TPM1_IRQHandler                          0x00001861   Thumb Code    18  main.o(i.TPM1_IRQHandler)
    UART0_IRQHandler                         0x0000187d   Thumb Code   122  serialcomm.o(i.UART0_IRQHandler)
    __kernel_poly                            0x00001a8d   Thumb Code   172  poly.o(i.__kernel_poly)
    __mathlib_dbl_divzero                    0x00001b39   Thumb Code    16  dunder.o(i.__mathlib_dbl_divzero)
    __mathlib_dbl_infnan                     0x00001b4d   Thumb Code    10  dunder.o(i.__mathlib_dbl_infnan)
    __mathlib_dbl_invalid                    0x00001b57   Thumb Code    16  dunder.o(i.__mathlib_dbl_invalid)
    configAllChannels                        0x00001b67   Thumb Code    28  timer.o(i.configAllChannels)
    configChannel                            0x00001b85   Thumb Code    24  timer.o(i.configChannel)
    configPin                                0x00001ba1   Thumb Code    36  port.o(i.configPin)
    cycler                                   0x00001bc5   Thumb Code    40  main.o(i.cycler)
    dequeueChar                              0x00001bed   Thumb Code    76  queue.o(i.dequeueChar)
    enqueueChar                              0x00001c39   Thumb Code    68  queue.o(i.enqueueChar)
    executeLightingProccesses                0x00001c7d   Thumb Code    54  onboardleds.o(i.executeLightingProccesses)
    executeMotorProcesses                    0x00001cb3   Thumb Code    70  motor.o(i.executeMotorProcesses)
    fputc                                    0x00001cf9   Thumb Code    32  serialcomm.o(i.fputc)
    frexp                                    0x00001d1d   Thumb Code    72  frexp.o(i.frexp)
    isQueueEmpty                             0x00001d75   Thumb Code    16  queue.o(i.isQueueEmpty)
    isQueueFull                              0x00001d85   Thumb Code    20  queue.o(i.isQueueFull)
    laserDisable                             0x00001d99   Thumb Code    12  onboardleds.o(i.laserDisable)
    laserEnable                              0x00001da9   Thumb Code    12  onboardleds.o(i.laserEnable)
    log                                      0x00001db9   Thumb Code   790  log.o(i.log)
    log2                                     0x0000210d   Thumb Code   132  log2.o(i.log2)
    main                                     0x0000219d   Thumb Code    68  main.o(i.main)
    onboardLEDToggle                         0x00002215   Thumb Code    80  onboardleds.o(i.onboardLEDToggle)
    pulseStepperMotorPan                     0x00002269   Thumb Code    22  motor.o(i.pulseStepperMotorPan)
    pulseStepperMotorTilt                    0x00002289   Thumb Code    22  motor.o(i.pulseStepperMotorTilt)
    queueSize                                0x000022a9   Thumb Code     6  queue.o(i.queueSize)
    serialcomm_CheckForAndProcessSerialChars 0x000022b1   Thumb Code    34  serialcomm.o(i.serialcomm_CheckForAndProcessSerialChars)
    serialcomm_StartTransmitter              0x000022e5   Thumb Code    24  serialcomm.o(i.serialcomm_StartTransmitter)
    serialcomm_clearReceivedChar             0x00002301   Thumb Code     8  serialcomm.o(i.serialcomm_clearReceivedChar)
    serialcomm_readReceivedChar              0x0000230d   Thumb Code     4  serialcomm.o(i.serialcomm_readReceivedChar)
    setDirectionCCWPan                       0x00002315   Thumb Code    12  motor.o(i.setDirectionCCWPan)
    setDirectionCCWTilt                      0x00002325   Thumb Code    12  motor.o(i.setDirectionCCWTilt)
    setDirectionCWPan                        0x00002335   Thumb Code    12  motor.o(i.setDirectionCWPan)
    setDirectionCWTilt                       0x00002345   Thumb Code    12  motor.o(i.setDirectionCWTilt)
    setHighPin                               0x00002355   Thumb Code    12  port.o(i.setHighPin)
    setLowPin                                0x00002361   Thumb Code    12  port.o(i.setLowPin)
    startTPMCounter                          0x0000236d   Thumb Code    52  timer.o(i.startTPMCounter)
    stopTPMCounter                           0x000023a1   Thumb Code    18  timer.o(i.stopTPMCounter)
    __aeabi_cdcmpeq                          0x000023b5   Thumb Code     0  deqf.o(x$fpl$deqf)
    _dcmpeq                                  0x000023b5   Thumb Code    94  deqf.o(x$fpl$deqf)
    __aeabi_cdcmple                          0x00002419   Thumb Code     0  dlef.o(x$fpl$dleqf)
    _dcmple                                  0x00002419   Thumb Code    94  dlef.o(x$fpl$dleqf)
    __I$use$fp                               0x0000247c   Number         0  usenofp.o(x$fpl$usenofp)
    __mathlib_zero                           0x00002538   Data           8  qnan.o(.constdata)
    Region$$Table$$Base                      0x00002540   Number         0  anon$$obj.o(Region$$Table)
    Region$$Table$$Limit                     0x00002560   Number         0  anon$$obj.o(Region$$Table)
    __stdout                                 0x1ffff00c   Data           4  serialcomm.o(.data)
    __stdin                                  0x1ffff010   Data           4  serialcomm.o(.data)
    __libspace_start                         0x1ffff22c   Data          96  libspace.o(.bss)
    __temporary_stack_top$libspace           0x1ffff28c   Data           0  libspace.o(.bss)



==============================================================================

Memory Map of the image

  Image Entry point : 0x000000c1

  Load Region LR_IROM1 (Base: 0x00000000, Size: 0x00002574, Max: 0x00020000, ABSOLUTE)

    Execution Region ER_IROM1 (Exec base: 0x00000000, Load base: 0x00000000, Size: 0x00002560, Max: 0x00020000, ABSOLUTE)

    Exec Addr    Load Addr    Size         Type   Attr      Idx    E Section Name        Object

    0x00000000   0x00000000   0x000000c0   Data   RO          576    RESET               startup_mkl25z4.o
    0x000000c0   0x000000c0   0x00000008   Code   RO          659  * !!!main             c_p.l(__main.o)
    0x000000c8   0x000000c8   0x0000003c   Code   RO          913    !!!scatter          c_p.l(__scatter.o)
    0x00000104   0x00000104   0x0000001a   Code   RO          915    !!handler_copy      c_p.l(__scatter_copy.o)
    0x0000011e   0x0000011e   0x00000002   PAD
    0x00000120   0x00000120   0x0000001c   Code   RO          917    !!handler_zi        c_p.l(__scatter_zi.o)
    0x0000013c   0x0000013c   0x00000002   Code   RO          652    .ARM.Collect$$_printf_percent$$00000000  c_p.l(_printf_percent.o)
    0x0000013e   0x0000013e   0x0000000a   Code   RO          651    .ARM.Collect$$_printf_percent$$00000009  c_p.l(_printf_d.o)
    0x00000148   0x00000148   0x0000000a   Code   RO          650    .ARM.Collect$$_printf_percent$$00000013  c_p.l(_printf_c.o)
    0x00000152   0x00000152   0x00000004   Code   RO          685    .ARM.Collect$$_printf_percent$$00000017  c_p.l(_printf_percent_end.o)
    0x00000156   0x00000156   0x00000002   Code   RO          779    .ARM.Collect$$libinit$$00000000  c_p.l(libinit.o)
    0x00000158   0x00000158   0x00000000   Code   RO          794    .ARM.Collect$$libinit$$00000002  c_p.l(libinit2.o)
    0x00000158   0x00000158   0x00000000   Code   RO          796    .ARM.Collect$$libinit$$00000004  c_p.l(libinit2.o)
    0x00000158   0x00000158   0x00000000   Code   RO          799    .ARM.Collect$$libinit$$0000000A  c_p.l(libinit2.o)
    0x00000158   0x00000158   0x00000000   Code   RO          801    .ARM.Collect$$libinit$$0000000C  c_p.l(libinit2.o)
    0x00000158   0x00000158   0x00000000   Code   RO          803    .ARM.Collect$$libinit$$0000000E  c_p.l(libinit2.o)
    0x00000158   0x00000158   0x00000000   Code   RO          806    .ARM.Collect$$libinit$$00000011  c_p.l(libinit2.o)
    0x00000158   0x00000158   0x00000000   Code   RO          808    .ARM.Collect$$libinit$$00000013  c_p.l(libinit2.o)
    0x00000158   0x00000158   0x00000000   Code   RO          810    .ARM.Collect$$libinit$$00000015  c_p.l(libinit2.o)
    0x00000158   0x00000158   0x00000000   Code   RO          812    .ARM.Collect$$libinit$$00000017  c_p.l(libinit2.o)
    0x00000158   0x00000158   0x00000000   Code   RO          814    .ARM.Collect$$libinit$$00000019  c_p.l(libinit2.o)
    0x00000158   0x00000158   0x00000000   Code   RO          816    .ARM.Collect$$libinit$$0000001B  c_p.l(libinit2.o)
    0x00000158   0x00000158   0x00000000   Code   RO          818    .ARM.Collect$$libinit$$0000001D  c_p.l(libinit2.o)
    0x00000158   0x00000158   0x00000000   Code   RO          820    .ARM.Collect$$libinit$$0000001F  c_p.l(libinit2.o)
    0x00000158   0x00000158   0x00000000   Code   RO          822    .ARM.Collect$$libinit$$00000021  c_p.l(libinit2.o)
    0x00000158   0x00000158   0x00000000   Code   RO          824    .ARM.Collect$$libinit$$00000023  c_p.l(libinit2.o)
    0x00000158   0x00000158   0x00000000   Code   RO          826    .ARM.Collect$$libinit$$00000025  c_p.l(libinit2.o)
    0x00000158   0x00000158   0x00000000   Code   RO          830    .ARM.Collect$$libinit$$0000002C  c_p.l(libinit2.o)
    0x00000158   0x00000158   0x00000000   Code   RO          832    .ARM.Collect$$libinit$$0000002E  c_p.l(libinit2.o)
    0x00000158   0x00000158   0x00000000   Code   RO          834    .ARM.Collect$$libinit$$00000030  c_p.l(libinit2.o)
    0x00000158   0x00000158   0x00000000   Code   RO          836    .ARM.Collect$$libinit$$00000032  c_p.l(libinit2.o)
    0x00000158   0x00000158   0x00000002   Code   RO          837    .ARM.Collect$$libinit$$00000033  c_p.l(libinit2.o)
    0x0000015a   0x0000015a   0x00000002   Code   RO          870    .ARM.Collect$$libshutdown$$00000000  c_p.l(libshutdown.o)
    0x0000015c   0x0000015c   0x00000000   Code   RO          896    .ARM.Collect$$libshutdown$$00000002  c_p.l(libshutdown2.o)
    0x0000015c   0x0000015c   0x00000000   Code   RO          898    .ARM.Collect$$libshutdown$$00000004  c_p.l(libshutdown2.o)
    0x0000015c   0x0000015c   0x00000000   Code   RO          901    .ARM.Collect$$libshutdown$$00000007  c_p.l(libshutdown2.o)
    0x0000015c   0x0000015c   0x00000000   Code   RO          904    .ARM.Collect$$libshutdown$$0000000A  c_p.l(libshutdown2.o)
    0x0000015c   0x0000015c   0x00000000   Code   RO          906    .ARM.Collect$$libshutdown$$0000000C  c_p.l(libshutdown2.o)
    0x0000015c   0x0000015c   0x00000000   Code   RO          909    .ARM.Collect$$libshutdown$$0000000F  c_p.l(libshutdown2.o)
    0x0000015c   0x0000015c   0x00000002   Code   RO          910    .ARM.Collect$$libshutdown$$00000010  c_p.l(libshutdown2.o)
    0x0000015e   0x0000015e   0x00000000   Code   RO          672    .ARM.Collect$$rtentry$$00000000  c_p.l(__rtentry.o)
    0x0000015e   0x0000015e   0x00000000   Code   RO          726    .ARM.Collect$$rtentry$$00000002  c_p.l(__rtentry2.o)
    0x0000015e   0x0000015e   0x00000006   Code   RO          738    .ARM.Collect$$rtentry$$00000004  c_p.l(__rtentry4.o)
    0x00000164   0x00000164   0x00000000   Code   RO          728    .ARM.Collect$$rtentry$$00000009  c_p.l(__rtentry2.o)
    0x00000164   0x00000164   0x00000004   Code   RO          729    .ARM.Collect$$rtentry$$0000000A  c_p.l(__rtentry2.o)
    0x00000168   0x00000168   0x00000000   Code   RO          731    .ARM.Collect$$rtentry$$0000000C  c_p.l(__rtentry2.o)
    0x00000168   0x00000168   0x00000008   Code   RO          732    .ARM.Collect$$rtentry$$0000000D  c_p.l(__rtentry2.o)
    0x00000170   0x00000170   0x00000002   Code   RO          785    .ARM.Collect$$rtexit$$00000000  c_p.l(rtexit.o)
    0x00000172   0x00000172   0x00000000   Code   RO          843    .ARM.Collect$$rtexit$$00000002  c_p.l(rtexit2.o)
    0x00000172   0x00000172   0x00000004   Code   RO          844    .ARM.Collect$$rtexit$$00000003  c_p.l(rtexit2.o)
    0x00000176   0x00000176   0x00000006   Code   RO          845    .ARM.Collect$$rtexit$$00000004  c_p.l(rtexit2.o)
    0x0000017c   0x0000017c   0x00000040   Code   RO          578    .text               startup_mkl25z4.o
    0x000001bc   0x000001bc   0x0000001c   Code   RO          622    .text               c_p.l(noretval__2printf.o)
    0x000001d8   0x000001d8   0x0000006c   Code   RO          624    .text               c_p.l(__printf.o)
    0x00000244   0x00000244   0x00000052   Code   RO          626    .text               c_p.l(_printf_str.o)
    0x00000296   0x00000296   0x00000002   PAD
    0x00000298   0x00000298   0x0000006c   Code   RO          628    .text               c_p.l(_printf_dec.o)
    0x00000304   0x00000304   0x00000006   Code   RO          657    .text               c_p.l(heapauxi.o)
    0x0000030a   0x0000030a   0x00000002   PAD
    0x0000030c   0x0000030c   0x00000048   Code   RO          664    .text               fz_ps.l(dfixui.o)
    0x00000354   0x00000354   0x00000058   Code   RO          666    .text               fz_ps.l(dflti.o)
    0x000003ac   0x000003ac   0x00000016   Code   RO          677    .text               c_p.l(_rserrno.o)
    0x000003c2   0x000003c2   0x0000002e   Code   RO          681    .text               c_p.l(_printf_char.o)
    0x000003f0   0x000003f0   0x00000008   Code   RO          745    .text               c_p.l(rt_errno_addr_intlibspace.o)
    0x000003f8   0x000003f8   0x00000008   Code   RO          749    .text               c_p.l(ferror.o)
    0x00000400   0x00000400   0x00000010   Code   RO          577    .ARM.__at_0x400     startup_mkl25z4.o
    0x00000410   0x00000410   0x0000015a   Code   RO          653    .text               c_p.l(aeabi_sdiv.o)
    0x0000056a   0x0000056a   0x00000002   PAD
    0x0000056c   0x0000056c   0x00000448   Code   RO          661    .text               fz_ps.l(ddiv.o)
    0x000009b4   0x000009b4   0x000000b0   Code   RO          679    .text               c_p.l(_printf_intcommon.o)
    0x00000a64   0x00000a64   0x00000028   Code   RO          683    .text               c_p.l(_printf_char_file.o)
    0x00000a8c   0x00000a8c   0x00000028   Code   RO          686    .text               c_p.l(rtudiv10.o)
    0x00000ab4   0x00000ab4   0x00000358   Code   RO          688    .text               fz_ps.l(daddsub.o)
    0x00000e0c   0x00000e0c   0x00000060   Code   RO          694    .text               fz_ps.l(dscalbn.o)
    0x00000e6c   0x00000e6c   0x00000030   Code   RO          747    .text               c_p.l(_printf_char_common.o)
    0x00000e9c   0x00000e9c   0x00000090   Code   RO          753    .text               fz_ps.l(dcmpin.o)
    0x00000f2c   0x00000f2c   0x00000248   Code   RO          755    .text               fz_ps.l(dmul.o)
    0x00001174   0x00001174   0x00000008   Code   RO          760    .text               c_p.l(libspace.o)
    0x0000117c   0x0000117c   0x0000003e   Code   RO          763    .text               c_p.l(sys_stackheap_outer.o)
    0x000011ba   0x000011ba   0x00000010   Code   RO          768    .text               c_p.l(exit.o)
    0x000011ca   0x000011ca   0x0000002e   Code   RO          780    .text               fz_ps.l(cmpret.o)
    0x000011f8   0x000011f8   0x00000014   Code   RO          782    .text               fz_ps.l(dnan2.o)
    0x0000120c   0x0000120c   0x0000005e   Code   RO          838    .text               fz_ps.l(retnan.o)
    0x0000126a   0x0000126a   0x00000002   PAD
    0x0000126c   0x0000126c   0x0000000c   Code   RO          840    .text               c_p.l(sys_exit.o)
    0x00001278   0x00001278   0x00000002   Code   RO          859    .text               c_p.l(use_no_semi.o)
    0x0000127a   0x0000127a   0x00000000   Code   RO          861    .text               c_p.l(indicate_semi.o)
    0x0000127a   0x0000127a   0x00000002   PAD
    0x0000127c   0x0000127c   0x00000030   Code   RO          480    i.Init_PortA        port.o
    0x000012ac   0x000012ac   0x00000078   Code   RO          481    i.Init_PortB        port.o
    0x00001324   0x00001324   0x00000044   Code   RO          482    i.Init_PortC        port.o
    0x00001368   0x00001368   0x00000040   Code   RO          483    i.Init_PortD        port.o
    0x000013a8   0x000013a8   0x00000030   Code   RO          484    i.Init_PortE        port.o
    0x000013d8   0x000013d8   0x0000001c   Code   RO          287    i.Init_Queue        queue.o
    0x000013f4   0x000013f4   0x0000005c   Code   RO          548    i.Init_SysTick      systick.o
    0x00001450   0x00001450   0x00000070   Code   RO          176    i.Init_TPM0         timer.o
    0x000014c0   0x000014c0   0x00000070   Code   RO          177    i.Init_TPM1         timer.o
    0x00001530   0x00001530   0x00000148   Code   RO          341    i.Init_UART0        serialcomm.o
    0x00001678   0x00001678   0x00000050   Code   RO          343    i.Send_String       serialcomm.o
    0x000016c8   0x000016c8   0x00000044   Code   RO            3    i.SysTick_Handler   main.o
    0x0000170c   0x0000170c   0x00000138   Code   RO          587    i.SystemInit        system_mkl25z4.o
    0x00001844   0x00001844   0x0000001c   Code   RO            4    i.TPM0_IRQHandler   main.o
    0x00001860   0x00001860   0x0000001c   Code   RO            5    i.TPM1_IRQHandler   main.o
    0x0000187c   0x0000187c   0x00000088   Code   RO          344    i.UART0_IRQHandler  serialcomm.o
    0x00001904   0x00001904   0x00000020   Code   RO          178    i.__NVIC_EnableIRQ  timer.o
    0x00001924   0x00001924   0x00000078   Code   RO          179    i.__NVIC_SetPriority  timer.o
    0x0000199c   0x0000199c   0x00000078   Code   RO          345    i.__NVIC_SetPriority  serialcomm.o
    0x00001a14   0x00001a14   0x00000078   Code   RO          549    i.__NVIC_SetPriority  systick.o
    0x00001a8c   0x00001a8c   0x000000ac   Code   RO          757    i.__kernel_poly     m_ps.l(poly.o)
    0x00001b38   0x00001b38   0x00000014   Code   RO          697    i.__mathlib_dbl_divzero  m_ps.l(dunder.o)
    0x00001b4c   0x00001b4c   0x0000000a   Code   RO          698    i.__mathlib_dbl_infnan  m_ps.l(dunder.o)
    0x00001b56   0x00001b56   0x00000010   Code   RO          700    i.__mathlib_dbl_invalid  m_ps.l(dunder.o)
    0x00001b66   0x00001b66   0x0000001c   Code   RO          183    i.configAllChannels  timer.o
    0x00001b82   0x00001b82   0x00000002   PAD
    0x00001b84   0x00001b84   0x0000001c   Code   RO          184    i.configChannel     timer.o
    0x00001ba0   0x00001ba0   0x00000024   Code   RO          485    i.configPin         port.o
    0x00001bc4   0x00001bc4   0x00000028   Code   RO            6    i.cycler            main.o
    0x00001bec   0x00001bec   0x0000004c   Code   RO          288    i.dequeueChar       queue.o
    0x00001c38   0x00001c38   0x00000044   Code   RO          289    i.enqueueChar       queue.o
    0x00001c7c   0x00001c7c   0x00000036   Code   RO          436    i.executeLightingProccesses  onboardleds.o
    0x00001cb2   0x00001cb2   0x00000046   Code   RO          109    i.executeMotorProcesses  motor.o
    0x00001cf8   0x00001cf8   0x00000024   Code   RO          347    i.fputc             serialcomm.o
    0x00001d1c   0x00001d1c   0x00000058   Code   RO          712    i.frexp             m_ps.l(frexp.o)
    0x00001d74   0x00001d74   0x00000010   Code   RO          290    i.isQueueEmpty      queue.o
    0x00001d84   0x00001d84   0x00000014   Code   RO          291    i.isQueueFull       queue.o
    0x00001d98   0x00001d98   0x00000010   Code   RO          437    i.laserDisable      onboardleds.o
    0x00001da8   0x00001da8   0x00000010   Code   RO          438    i.laserEnable       onboardleds.o
    0x00001db8   0x00001db8   0x00000354   Code   RO          716    i.log               m_ps.l(log.o)
    0x0000210c   0x0000210c   0x00000090   Code   RO          668    i.log2              m_ps.l(log2.o)
    0x0000219c   0x0000219c   0x00000078   Code   RO            7    i.main              main.o
    0x00002214   0x00002214   0x00000054   Code   RO          440    i.onboardLEDToggle  onboardleds.o
    0x00002268   0x00002268   0x00000020   Code   RO          110    i.pulseStepperMotorPan  motor.o
    0x00002288   0x00002288   0x00000020   Code   RO          111    i.pulseStepperMotorTilt  motor.o
    0x000022a8   0x000022a8   0x00000006   Code   RO          292    i.queueSize         queue.o
    0x000022ae   0x000022ae   0x00000002   PAD
    0x000022b0   0x000022b0   0x00000034   Code   RO          348    i.serialcomm_CheckForAndProcessSerialChars  serialcomm.o
    0x000022e4   0x000022e4   0x0000001c   Code   RO          349    i.serialcomm_StartTransmitter  serialcomm.o
    0x00002300   0x00002300   0x0000000c   Code   RO          350    i.serialcomm_clearReceivedChar  serialcomm.o
    0x0000230c   0x0000230c   0x00000008   Code   RO          351    i.serialcomm_readReceivedChar  serialcomm.o
    0x00002314   0x00002314   0x00000010   Code   RO          112    i.setDirectionCCWPan  motor.o
    0x00002324   0x00002324   0x00000010   Code   RO          113    i.setDirectionCCWTilt  motor.o
    0x00002334   0x00002334   0x00000010   Code   RO          114    i.setDirectionCWPan  motor.o
    0x00002344   0x00002344   0x00000010   Code   RO          115    i.setDirectionCWTilt  motor.o
    0x00002354   0x00002354   0x0000000c   Code   RO          486    i.setHighPin        port.o
    0x00002360   0x00002360   0x0000000c   Code   RO          487    i.setLowPin         port.o
    0x0000236c   0x0000236c   0x00000034   Code   RO          189    i.startTPMCounter   timer.o
    0x000023a0   0x000023a0   0x00000012   Code   RO          190    i.stopTPMCounter    timer.o
    0x000023b2   0x000023b2   0x00000002   PAD
    0x000023b4   0x000023b4   0x00000064   Code   RO          690    x$fpl$deqf          fz_ps.l(deqf.o)
    0x00002418   0x00002418   0x00000064   Code   RO          692    x$fpl$dleqf         fz_ps.l(dlef.o)
    0x0000247c   0x0000247c   0x00000000   Code   RO          696    x$fpl$usenofp       fz_ps.l(usenofp.o)
    0x0000247c   0x0000247c   0x00000080   Data   RO          662    .constdata          fz_ps.l(ddiv.o)
    0x000024fc   0x000024fc   0x00000004   PAD
    0x00002500   0x00002500   0x00000038   Data   RO          717    .constdata          m_ps.l(log.o)
    0x00002538   0x00002538   0x00000008   Data   RO          759    .constdata          m_ps.l(qnan.o)
    0x00002540   0x00002540   0x00000020   Data   RO          911    Region$$Table       anon$$obj.o


    Execution Region RW_IRAM1 (Exec base: 0x1ffff000, Load base: 0x00002560, Size: 0x00000690, Max: 0x00004000, ABSOLUTE)

    Exec Addr    Load Addr    Size         Type   Attr      Idx    E Section Name        Object

    0x1ffff000   0x00002560   0x00000003   Data   RW            8    .data               main.o
    0x1ffff003   0x00002563   0x00000001   PAD
    0x1ffff004   0x00002564   0x00000002   Data   RW          191    .data               timer.o
    0x1ffff006   0x00002566   0x00000002   PAD
    0x1ffff008   0x00002568   0x0000000c   Data   RW          353    .data               serialcomm.o
    0x1ffff014        -       0x00000218   Zero   RW          352    .bss                serialcomm.o
    0x1ffff22c        -       0x00000060   Zero   RW          761    .bss                c_p.l(libspace.o)
    0x1ffff28c   0x00002574   0x00000004   PAD
    0x1ffff290        -       0x00000000   Zero   RW          575    HEAP                startup_mkl25z4.o
    0x1ffff290        -       0x00000400   Zero   RW          574    STACK               startup_mkl25z4.o


==============================================================================

Image component sizes


      Code (inc. data)   RO Data    RW Data    ZI Data      Debug   Object Name

       284         84          0          3          0     219478   main.o
       198         36          0          0          0       3027   motor.o
       170         12          0          0          0       1976   onboardleds.o
       408         66          0          0          0       3810   port.o
       214          0          0          0          0       6322   queue.o
       800        104          0         12        536      14438   serialcomm.o
        80         44        192          0       1024        880   startup_mkl25z4.o
       312         46          0          0          0        577   system_mkl25z4.o
       212         22          0          0          0       9139   systick.o
       502         48          0          2          0      12695   timer.o

    ----------------------------------------------------------------------
      3186        462        224         20       1560     272342   Object Totals
         0          0         32          0          0          0   (incl. Generated)
         6          0          0          3          0          0   (incl. Padding)

    ----------------------------------------------------------------------

      Code (inc. data)   RO Data    RW Data    ZI Data      Debug   Library Member Name

         8          0          0          0          0         68   __main.o
       108          0          0          0          0         76   __printf.o
         0          0          0          0          0          0   __rtentry.o
        12          0          0          0          0          0   __rtentry2.o
         6          0          0          0          0          0   __rtentry4.o
        60          8          0          0          0          0   __scatter.o
        26          0          0          0          0          0   __scatter_copy.o
        28          0          0          0          0          0   __scatter_zi.o
        10          0          0          0          0          0   _printf_c.o
        46          0          0          0          0        100   _printf_char.o
        48          6          0          0          0         88   _printf_char_common.o
        40          6          0          0          0         72   _printf_char_file.o
        10          0          0          0          0          0   _printf_d.o
       108         18          0          0          0         76   _printf_dec.o
       176          0          0          0          0         84   _printf_intcommon.o
         2          0          0          0          0          0   _printf_percent.o
         4          0          0          0          0          0   _printf_percent_end.o
        82          0          0          0          0         72   _printf_str.o
        22          0          0          0          0         92   _rserrno.o
       346          0          0          0          0         92   aeabi_sdiv.o
        16          0          0          0          0         68   exit.o
         8          0          0          0          0         60   ferror.o
         6          0          0          0          0        136   heapauxi.o
         0          0          0          0          0          0   indicate_semi.o
         2          0          0          0          0          0   libinit.o
         2          0          0          0          0          0   libinit2.o
         2          0          0          0          0          0   libshutdown.o
         2          0          0          0          0          0   libshutdown2.o
         8          4          0          0         96         68   libspace.o
        28          6          0          0          0         84   noretval__2printf.o
         8          4          0          0          0         68   rt_errno_addr_intlibspace.o
         2          0          0          0          0          0   rtexit.o
        10          0          0          0          0          0   rtexit2.o
        40          0          0          0          0         60   rtudiv10.o
        12          4          0          0          0         60   sys_exit.o
        62          0          0          0          0         80   sys_stackheap_outer.o
         2          0          0          0          0         68   use_no_semi.o
        46          0          0          0          0         60   cmpret.o
       856         20          0          0          0        208   daddsub.o
       144          4          0          0          0         76   dcmpin.o
      1096         26        128          0          0        112   ddiv.o
       100          4          0          0          0         92   deqf.o
        72          4          0          0          0         68   dfixui.o
        88          0          0          0          0         92   dflti.o
       100          4          0          0          0         92   dlef.o
       584         26          0          0          0         84   dmul.o
        20          6          0          0          0         68   dnan2.o
        96         12          0          0          0         72   dscalbn.o
        94          0          0          0          0         68   retnan.o
         0          0          0          0          0          0   usenofp.o
        46          4          0          0          0        204   dunder.o
        88         16          0          0          0         72   frexp.o
       852         62         56          0          0        136   log.o
       144         12          0          0          0         72   log2.o
       172          0          0          0          0         76   poly.o
         0          0          8          0          0          0   qnan.o

    ----------------------------------------------------------------------
      5962        256        196          0        100       3224   Library Totals
        12          0          4          0          4          0   (incl. Padding)

    ----------------------------------------------------------------------

      Code (inc. data)   RO Data    RW Data    ZI Data      Debug   Library Name

      1352         56          0          0         96       1572   c_p.l
      3296        106        128          0          0       1092   fz_ps.l
      1302         94         64          0          0        560   m_ps.l

    ----------------------------------------------------------------------
      5962        256        196          0        100       3224   Library Totals

    ----------------------------------------------------------------------

==============================================================================


      Code (inc. data)   RO Data    RW Data    ZI Data      Debug   

      9148        718        420         20       1660     271966   Grand Totals
      9148        718        420         20       1660     271966   ELF Image Totals
      9148        718        420         20          0          0   ROM Totals

==============================================================================

    Total RO  Size (Code + RO Data)                 9568 (   9.34kB)
    Total RW  Size (RW Data + ZI Data)              1680 (   1.64kB)
    Total ROM Size (Code + RO Data + RW Data)       9588 (   9.36kB)

==============================================================================

